Archive member included to satisfy reference by file (symbol)

/Users/brianlesko/.pico-sdk/toolchain/13_2_Rel1/bin/../lib/gcc/arm-none-eabi/13.2.1/thumb/v6-m/nofp/libgcc.a(_dvmd_tls.o)
                              CMakeFiles/hello_pwm.dir/Users/brianlesko/.pico-sdk/sdk/2.0.0/src/rp2_common/pico_divider/divider_hardware.S.obj (__aeabi_idiv0)
/Users/brianlesko/.pico-sdk/toolchain/13_2_Rel1/bin/../lib/gcc/arm-none-eabi/13.2.1/../../../../arm-none-eabi/lib/thumb/v6-m/nofp/libg.a(libc_a-calloc.o)
                              CMakeFiles/hello_pwm.dir/Users/brianlesko/.pico-sdk/sdk/2.0.0/src/rp2_common/pico_malloc/malloc.c.obj (calloc)
/Users/brianlesko/.pico-sdk/toolchain/13_2_Rel1/bin/../lib/gcc/arm-none-eabi/13.2.1/../../../../arm-none-eabi/lib/thumb/v6-m/nofp/libg.a(libc_a-callocr.o)
                              /Users/brianlesko/.pico-sdk/toolchain/13_2_Rel1/bin/../lib/gcc/arm-none-eabi/13.2.1/../../../../arm-none-eabi/lib/thumb/v6-m/nofp/libg.a(libc_a-calloc.o) (_calloc_r)
/Users/brianlesko/.pico-sdk/toolchain/13_2_Rel1/bin/../lib/gcc/arm-none-eabi/13.2.1/../../../../arm-none-eabi/lib/thumb/v6-m/nofp/libg.a(libc_a-malloc.o)
                              CMakeFiles/hello_pwm.dir/Users/brianlesko/.pico-sdk/sdk/2.0.0/src/rp2_common/pico_malloc/malloc.c.obj (malloc)
/Users/brianlesko/.pico-sdk/toolchain/13_2_Rel1/bin/../lib/gcc/arm-none-eabi/13.2.1/../../../../arm-none-eabi/lib/thumb/v6-m/nofp/libg.a(libc_a-mallocr.o)
                              /Users/brianlesko/.pico-sdk/toolchain/13_2_Rel1/bin/../lib/gcc/arm-none-eabi/13.2.1/../../../../arm-none-eabi/lib/thumb/v6-m/nofp/libg.a(libc_a-callocr.o) (_malloc_r)
/Users/brianlesko/.pico-sdk/toolchain/13_2_Rel1/bin/../lib/gcc/arm-none-eabi/13.2.1/../../../../arm-none-eabi/lib/thumb/v6-m/nofp/libg.a(libc_a-mlock.o)
                              /Users/brianlesko/.pico-sdk/toolchain/13_2_Rel1/bin/../lib/gcc/arm-none-eabi/13.2.1/../../../../arm-none-eabi/lib/thumb/v6-m/nofp/libg.a(libc_a-mallocr.o) (__malloc_lock)
/Users/brianlesko/.pico-sdk/toolchain/13_2_Rel1/bin/../lib/gcc/arm-none-eabi/13.2.1/../../../../arm-none-eabi/lib/thumb/v6-m/nofp/libg.a(libc_a-realloc.o)
                              CMakeFiles/hello_pwm.dir/Users/brianlesko/.pico-sdk/sdk/2.0.0/src/rp2_common/pico_malloc/malloc.c.obj (realloc)
/Users/brianlesko/.pico-sdk/toolchain/13_2_Rel1/bin/../lib/gcc/arm-none-eabi/13.2.1/../../../../arm-none-eabi/lib/thumb/v6-m/nofp/libg.a(libc_a-reallocr.o)
                              /Users/brianlesko/.pico-sdk/toolchain/13_2_Rel1/bin/../lib/gcc/arm-none-eabi/13.2.1/../../../../arm-none-eabi/lib/thumb/v6-m/nofp/libg.a(libc_a-realloc.o) (_realloc_r)
/Users/brianlesko/.pico-sdk/toolchain/13_2_Rel1/bin/../lib/gcc/arm-none-eabi/13.2.1/../../../../arm-none-eabi/lib/thumb/v6-m/nofp/libg.a(libc_a-memcmp.o)
                              CMakeFiles/hello_pwm.dir/Users/brianlesko/.pico-sdk/sdk/2.0.0/src/rp2_common/pico_atomic/atomic.c.obj (memcmp)
/Users/brianlesko/.pico-sdk/toolchain/13_2_Rel1/bin/../lib/gcc/arm-none-eabi/13.2.1/../../../../arm-none-eabi/lib/thumb/v6-m/nofp/libg.a(libc_a-memmove.o)
                              /Users/brianlesko/.pico-sdk/toolchain/13_2_Rel1/bin/../lib/gcc/arm-none-eabi/13.2.1/../../../../arm-none-eabi/lib/thumb/v6-m/nofp/libg.a(libc_a-reallocr.o) (memmove)
/Users/brianlesko/.pico-sdk/toolchain/13_2_Rel1/bin/../lib/gcc/arm-none-eabi/13.2.1/../../../../arm-none-eabi/lib/thumb/v6-m/nofp/libg.a(libc_a-lcltime_r.o)
                              CMakeFiles/hello_pwm.dir/Users/brianlesko/.pico-sdk/sdk/2.0.0/src/common/pico_util/datetime.c.obj (localtime_r)
/Users/brianlesko/.pico-sdk/toolchain/13_2_Rel1/bin/../lib/gcc/arm-none-eabi/13.2.1/../../../../arm-none-eabi/lib/thumb/v6-m/nofp/libg.a(libc_a-mktime.o)
                              CMakeFiles/hello_pwm.dir/Users/brianlesko/.pico-sdk/sdk/2.0.0/src/common/pico_util/datetime.c.obj (mktime)
/Users/brianlesko/.pico-sdk/toolchain/13_2_Rel1/bin/../lib/gcc/arm-none-eabi/13.2.1/../../../../arm-none-eabi/lib/thumb/v6-m/nofp/libg.a(libc_a-month_lengths.o)
                              /Users/brianlesko/.pico-sdk/toolchain/13_2_Rel1/bin/../lib/gcc/arm-none-eabi/13.2.1/../../../../arm-none-eabi/lib/thumb/v6-m/nofp/libg.a(libc_a-lcltime_r.o) (__month_lengths)
/Users/brianlesko/.pico-sdk/toolchain/13_2_Rel1/bin/../lib/gcc/arm-none-eabi/13.2.1/../../../../arm-none-eabi/lib/thumb/v6-m/nofp/libg.a(libc_a-tzcalc_limits.o)
                              /Users/brianlesko/.pico-sdk/toolchain/13_2_Rel1/bin/../lib/gcc/arm-none-eabi/13.2.1/../../../../arm-none-eabi/lib/thumb/v6-m/nofp/libg.a(libc_a-lcltime_r.o) (__tzcalc_limits)
/Users/brianlesko/.pico-sdk/toolchain/13_2_Rel1/bin/../lib/gcc/arm-none-eabi/13.2.1/../../../../arm-none-eabi/lib/thumb/v6-m/nofp/libg.a(libc_a-tzlock.o)
                              /Users/brianlesko/.pico-sdk/toolchain/13_2_Rel1/bin/../lib/gcc/arm-none-eabi/13.2.1/../../../../arm-none-eabi/lib/thumb/v6-m/nofp/libg.a(libc_a-lcltime_r.o) (__tz_lock)
[...]
Memory Configuration

Name             Origin             Length             Attributes
FLASH            0x10000000         0x00200000         xr
RAM              0x20000000         0x00040000         xrw
SCRATCH_X        0x20040000         0x00001000         xrw
SCRATCH_Y        0x20041000         0x00001000         xrw
*default*        0x00000000         0xffffffff

Linker script and memory map

LOAD /Users/brianlesko/.pico-sdk/toolchain/13_2_Rel1/bin/../lib/gcc/arm-none-eabi/13.2.1/thumb/v6-m/nofp/crti.o
LOAD /Users/brianlesko/.pico-sdk/toolchain/13_2_Rel1/bin/../lib/gcc/arm-none-eabi/13.2.1/thumb/v6-m/nofp/crtbegin.o
LOAD /Users/brianlesko/.pico-sdk/toolchain/13_2_Rel1/bin/../lib/gcc/arm-none-eabi/13.2.1/../../../../arm-none-eabi/lib/thumb/v6-m/nofp/crt0.o

.flash_begin    0x10000000        0x0
                0x10000000                        __flash_binary_start = .

.boot2          0x10000000      0x100
                0x10000000                        __boot2_start__ = .
 *(.boot2)
 .boot2         0x10000000      0x100 /var/folders/z5/9z702w_d7xb5zs4lq1hj6lrm0000gp/T//cc5XNDbU.o
                0x10000100                        __boot2_end__ = .
                0x00000001                        ASSERT (((__boot2_end__ - __boot2_start__) == 0x100), ERROR: Pico second stage bootloader must be 256 bytes in size)

.text           0x10000100     0x3350
                0x10000100                        __logical_binary_start = .
 *(.vectors)
 .vectors       0x10000100       0xd4 CMakeFiles/hello_pwm.dir/Users/brianlesko/.pico-sdk/sdk/2.0.0/src/rp2_common/pico_crt0/crt0.S.obj
                0x10000100                __VECTOR_TABLE
                0x10000100                __vectors
                0x100001c0                __default_isrs_start
                0x100001c0                isr_invalid
                0x100001c2                isr_nmi
                0x100001c4                isr_hardfault
                0x100001c6                isr_svcall
                0x100001c8                isr_pendsv
                0x100001ca                isr_systick
                0x100001cc                isr_irq28
                0x100001cc                isr_irq19
                0x100001cc                isr_irq0
                0x100001cc                isr_irq6
                0x100001cc                isr_irq22
                0x100001cc                isr_irq17
                0x100001cc                isr_irq14
                0x100001cc                isr_irq2
                0x100001cc                isr_irq10
                0x100001cc                isr_irq8
                0x100001cc                isr_irq24
                0x100001cc                isr_irq1
                0x100001cc                isr_irq7
                0x100001cc                isr_irq21
                0x100001cc                isr_irq20
                0x100001cc                isr_irq15
                0x100001cc                isr_irq25
                0x100001cc                isr_irq4
                0x100001cc                isr_irq16
                0x100001cc                isr_irq29
                0x100001cc                isr_irq26
                0x100001cc                __default_isrs_end
                0x100001cc                isr_irq3
                0x100001cc                isr_irq9
                0x100001cc                __unhandled_user_irq
                0x100001cc                isr_irq13
                0x100001cc                isr_irq27
                0x100001cc                isr_irq31
                0x100001cc                isr_irq5
                0x100001cc                isr_irq11
                0x100001cc                isr_irq23
                0x100001cc                isr_irq18
                0x100001cc                isr_irq30
                0x100001cc                isr_irq12
                0x100001d2                unhandled_user_irq_num_in_r0
 *(.binary_info_header)
 .binary_info_header
                0x100001d4       0x14 CMakeFiles/hello_pwm.dir/Users/brianlesko/.pico-sdk/sdk/2.0.0/src/rp2_common/pico_crt0/crt0.S.obj
                0x100001e8                        __binary_info_header_end = .
 *(.embedded_block)
                0x100001e8                        __embedded_block_end = .
 *(.reset)
 .reset         0x100001e8       0x9c CMakeFiles/hello_pwm.dir/Users/brianlesko/.pico-sdk/sdk/2.0.0/src/rp2_common/pico_crt0/crt0.S.obj
                0x100001e8                _entry_point
 *(.init)
 .init          0x10000284        0x4 /Users/brianlesko/.pico-sdk/toolchain/13_2_Rel1/bin/../lib/gcc/arm-none-eabi/13.2.1/thumb/v6-m/nofp/crti.o
                0x10000284                _init
 *(EXCLUDE_FILE(*libm.a: *libc.a:*lib_a-mem*.o *libgcc.a:) .text*)
 .text.register_tm_clones
                0x10000288       0x28 /Users/brianlesko/.pico-sdk/toolchain/13_2_Rel1/bin/../lib/gcc/arm-none-eabi/13.2.1/thumb/v6-m/nofp/crtbegin.o
 .text.frame_dummy
                0x100002b0       0x24 /Users/brianlesko/.pico-sdk/toolchain/13_2_Rel1/bin/../lib/gcc/arm-none-eabi/13.2.1/thumb/v6-m/nofp/crtbegin.o
 .text.main     0x100002d4       0x44 CMakeFiles/hello_pwm.dir/hello_pwm.c.obj
                0x100002d4                main
 .text.gpio_set_function
                0x10000318       0x34 CMakeFiles/hello_pwm.dir/Users/brianlesko/.pico-sdk/sdk/2.0.0/src/rp2_common/hardware_gpio/gpio.c.obj
                0x10000318                gpio_set_function
 .text.panic    0x1000034c       0x30 CMakeFiles/hello_pwm.dir/Users/brianlesko/.pico-sdk/sdk/2.0.0/src/rp2_common/pico_platform_panic/panic.c.obj
                0x1000034c                panic
 .text.hw_claim_lock
                0x1000037c       0x18 CMakeFiles/hello_pwm.dir/Users/brianlesko/.pico-sdk/sdk/2.0.0/src/common/hardware_claim/claim.c.obj
                0x1000037c                hw_claim_lock
 .text.hw_claim_unlock
                0x10000394       0x14 CMakeFiles/hello_pwm.dir/Users/brianlesko/.pico-sdk/sdk/2.0.0/src/common/hardware_claim/claim.c.obj
                0x10000394                hw_claim_unlock
 .text.hw_claim_or_assert
                0x100003a8       0x32 CMakeFiles/hello_pwm.dir/Users/brianlesko/.pico-sdk/sdk/2.0.0/src/common/hardware_claim/claim.c.obj
                0x100003a8                hw_claim_or_assert
 *fill*         0x100003da        0x2 
 .text.next_striped_spin_lock_num
                0x100003dc       0x1c CMakeFiles/hello_pwm.dir/Users/brianlesko/.pico-sdk/sdk/2.0.0/src/rp2_common/hardware_sync/sync.c.obj
                0x100003dc                next_striped_spin_lock_num
 .text.spin_locks_reset
                0x100003f8       0x20 CMakeFiles/hello_pwm.dir/Users/brianlesko/.pico-sdk/sdk/2.0.0/src/rp2_common/hardware_sync_spin_lock/sync_spin_lock.c.obj
                0x100003f8                spin_locks_reset
 .text.set_raw_irq_handler_and_unlock
                0x10000418       0x28 CMakeFiles/hello_pwm.dir/Users/brianlesko/.pico-sdk/sdk/2.0.0/src/rp2_common/hardware_irq/irq.c.obj
 .text.nvic_ipr0
                0x10000440        0x8 CMakeFiles/hello_pwm.dir/Users/brianlesko/.pico-sdk/sdk/2.0.0/src/rp2_common/hardware_irq/irq.c.obj
 .text.runtime_init_per_core_irq_priorities
                0x10000448       0x1c CMakeFiles/hello_pwm.dir/Users/brianlesko/.pico-sdk/sdk/2.0.0/src/rp2_common/hardware_irq/irq.c.obj
                0x10000448                runtime_init_per_core_irq_priorities
 .text.irq_set_mask_n_enabled
                0x10000464       0x1c CMakeFiles/hello_pwm.dir/Users/brianlesko/.pico-sdk/sdk/2.0.0/src/rp2_common/hardware_irq/irq.c.obj
                0x10000464                irq_set_mask_n_enabled
 .text.irq_set_enabled
                0x10000480       0x14 CMakeFiles/hello_pwm.dir/Users/brianlesko/.pico-sdk/sdk/2.0.0/src/rp2_common/hardware_irq/irq.c.obj
                0x10000480                irq_set_enabled
 .text.irq_get_vtable_handler
                0x10000494       0x10 CMakeFiles/hello_pwm.dir/Users/brianlesko/.pico-sdk/sdk/2.0.0/src/rp2_common/hardware_irq/irq.c.obj
                0x10000494                irq_get_vtable_handler
 .text.irq_set_exclusive_handler
                0x100004a4       0x54 CMakeFiles/hello_pwm.dir/Users/brianlesko/.pico-sdk/sdk/2.0.0/src/rp2_common/hardware_irq/irq.c.obj
                0x100004a4                irq_set_exclusive_handler
 .text.lock_init
                0x100004f8       0x10 CMakeFiles/hello_pwm.dir/Users/brianlesko/.pico-sdk/sdk/2.0.0/src/common/pico_sync/lock_core.c.obj
                0x100004f8                lock_init
 .text.mutex_init
                0x10000508       0x1a CMakeFiles/hello_pwm.dir/Users/brianlesko/.pico-sdk/sdk/2.0.0/src/common/pico_sync/mutex.c.obj
                0x10000508                mutex_init
 .text.recursive_mutex_init
                0x10000522       0x1e CMakeFiles/hello_pwm.dir/Users/brianlesko/.pico-sdk/sdk/2.0.0/src/common/pico_sync/mutex.c.obj
                0x10000522                recursive_mutex_init
 .text.runtime_init_mutex
                0x10000540       0x4c CMakeFiles/hello_pwm.dir/Users/brianlesko/.pico-sdk/sdk/2.0.0/src/common/pico_sync/mutex.c.obj
                0x10000540                runtime_init_mutex
 .text.make_alarm_id
                0x1000058c        0x6 CMakeFiles/hello_pwm.dir/Users/brianlesko/.pico-sdk/sdk/2.0.0/src/common/pico_time/time.c.obj
 *fill*         0x10000592        0x2 
 .text.sleep_until_callback
                0x10000594       0x30 CMakeFiles/hello_pwm.dir/Users/brianlesko/.pico-sdk/sdk/2.0.0/src/common/pico_time/time.c.obj
 .text.alarm_pool_irq_handler
                0x100005c4      0x2e0 CMakeFiles/hello_pwm.dir/Users/brianlesko/.pico-sdk/sdk/2.0.0/src/common/pico_time/time.c.obj
 .text.ta_enable_irq_handler
                0x100008a4       0x2c CMakeFiles/hello_pwm.dir/Users/brianlesko/.pico-sdk/sdk/2.0.0/src/common/pico_time/time.c.obj
 .text.alarm_pool_post_alloc_init
                0x100008d0       0x78 CMakeFiles/hello_pwm.dir/Users/brianlesko/.pico-sdk/sdk/2.0.0/src/common/pico_time/time.c.obj
 .text.alarm_pool_get_default
                0x10000948       0x2c CMakeFiles/hello_pwm.dir/Users/brianlesko/.pico-sdk/sdk/2.0.0/src/common/pico_time/time.c.obj
                0x10000948                alarm_pool_get_default
 .text.alarm_pool_add_alarm_at_force_in_context
                0x10000974       0xa4 CMakeFiles/hello_pwm.dir/Users/brianlesko/.pico-sdk/sdk/2.0.0/src/common/pico_time/time.c.obj
                0x10000974                alarm_pool_add_alarm_at_force_in_context
 .text.alarm_pool_add_alarm_at
                0x10000a18       0x3c CMakeFiles/hello_pwm.dir/Users/brianlesko/.pico-sdk/sdk/2.0.0/src/common/pico_time/time.c.obj
                0x10000a18                alarm_pool_add_alarm_at
 .text.add_alarm_at
                0x10000a54       0x2e CMakeFiles/hello_pwm.dir/Users/brianlesko/.pico-sdk/sdk/2.0.0/src/common/pico_time/time.c.obj
 *fill*         0x10000a82        0x2 
 .text.alarm_pool_cancel_alarm
                0x10000a84       0x78 CMakeFiles/hello_pwm.dir/Users/brianlesko/.pico-sdk/sdk/2.0.0/src/common/pico_time/time.c.obj
                0x10000a84                alarm_pool_cancel_alarm
 .text.cancel_alarm
                0x10000afc       0x10 CMakeFiles/hello_pwm.dir/Users/brianlesko/.pico-sdk/sdk/2.0.0/src/common/pico_time/time.c.obj
 .text.best_effort_wfe_or_timeout
                0x10000b0c       0xc4 CMakeFiles/hello_pwm.dir/Users/brianlesko/.pico-sdk/sdk/2.0.0/src/common/pico_time/time.c.obj
                0x10000b0c                best_effort_wfe_or_timeout
 .text.alarm_pool_get_default_timer
                0x10000bd0        0x8 CMakeFiles/hello_pwm.dir/Users/brianlesko/.pico-sdk/sdk/2.0.0/src/common/pico_time/time.c.obj
                0x10000bd0                alarm_pool_get_default_timer
 .text.runtime_init_default_alarm_pool
                0x10000bd8       0x38 CMakeFiles/hello_pwm.dir/Users/brianlesko/.pico-sdk/sdk/2.0.0/src/common/pico_time/time.c.obj
                0x10000bd8                runtime_init_default_alarm_pool
 .text.timer_hardware_alarm_claim
                0x10000c10       0x14 CMakeFiles/hello_pwm.dir/Users/brianlesko/.pico-sdk/sdk/2.0.0/src/rp2_common/hardware_timer/timer.c.obj
                0x10000c10                timer_hardware_alarm_claim
 .text.timer_time_us_64
                0x10000c24       0x10 CMakeFiles/hello_pwm.dir/Users/brianlesko/.pico-sdk/sdk/2.0.0/src/rp2_common/hardware_timer/timer.c.obj
                0x10000c24                timer_time_us_64
 .text.time_us_64
                0x10000c34       0x10 CMakeFiles/hello_pwm.dir/Users/brianlesko/.pico-sdk/sdk/2.0.0/src/rp2_common/hardware_timer/timer.c.obj
                0x10000c34                time_us_64
 .text.clock_configure_internal
                0x10000c44       0xc4 CMakeFiles/hello_pwm.dir/Users/brianlesko/.pico-sdk/sdk/2.0.0/src/rp2_common/hardware_clocks/clocks.c.obj
 .text.clock_configure_int_divider
                0x10000d08       0x28 CMakeFiles/hello_pwm.dir/Users/brianlesko/.pico-sdk/sdk/2.0.0/src/rp2_common/hardware_clocks/clocks.c.obj
                0x10000d08                clock_configure_int_divider
 .text.clock_configure_undivided
                0x10000d30       0x12 CMakeFiles/hello_pwm.dir/Users/brianlesko/.pico-sdk/sdk/2.0.0/src/rp2_common/hardware_clocks/clocks.c.obj
                0x10000d30                clock_configure_undivided
 *fill*         0x10000d42        0x2 
 .text.clock_get_hz
                0x10000d44        0xc CMakeFiles/hello_pwm.dir/Users/brianlesko/.pico-sdk/sdk/2.0.0/src/rp2_common/hardware_clocks/clocks.c.obj
                0x10000d44                clock_get_hz
 .text.pll_init
                0x10000d50      0x124 CMakeFiles/hello_pwm.dir/Users/brianlesko/.pico-sdk/sdk/2.0.0/src/rp2_common/hardware_pll/pll.c.obj
                0x10000d50                pll_init
 .text.tick_start
                0x10000e74       0x10 CMakeFiles/hello_pwm.dir/Users/brianlesko/.pico-sdk/sdk/2.0.0/src/rp2_common/hardware_ticks/ticks.c.obj
                0x10000e74                tick_start
 .text.xosc_init
                0x10000e84       0x28 CMakeFiles/hello_pwm.dir/Users/brianlesko/.pico-sdk/sdk/2.0.0/src/rp2_common/hardware_xosc/xosc.c.obj
                0x10000e84                xosc_init
 .text.runtime_run_initializers_from
                0x10000eac       0x18 CMakeFiles/hello_pwm.dir/Users/brianlesko/.pico-sdk/sdk/2.0.0/src/rp2_common/pico_runtime/runtime.c.obj
 .text.first_per_core_initializer
                0x10000ec4        0x2 CMakeFiles/hello_pwm.dir/Users/brianlesko/.pico-sdk/sdk/2.0.0/src/rp2_common/pico_runtime/runtime.c.obj
 *fill*         0x10000ec6        0x2 
 .text.runtime_run_initializers
                0x10000ec8       0x10 CMakeFiles/hello_pwm.dir/Users/brianlesko/.pico-sdk/sdk/2.0.0/src/rp2_common/pico_runtime/runtime.c.obj
                0x10000ec8                runtime_run_initializers
 .text.runtime_init_early_resets
                0x10000ed8       0x2c CMakeFiles/hello_pwm.dir/Users/brianlesko/.pico-sdk/sdk/2.0.0/src/rp2_common/pico_runtime_init/runtime_init.c.obj
                0x10000ed8                runtime_init_early_resets
 .text.runtime_init_usb_power_down
                0x10000f04       0x1c CMakeFiles/hello_pwm.dir/Users/brianlesko/.pico-sdk/sdk/2.0.0/src/rp2_common/pico_runtime_init/runtime_init.c.obj
                0x10000f04                runtime_init_usb_power_down
 .text.runtime_init_post_clock_resets
                0x10000f20       0x20 CMakeFiles/hello_pwm.dir/Users/brianlesko/.pico-sdk/sdk/2.0.0/src/rp2_common/pico_runtime_init/runtime_init.c.obj
                0x10000f20                runtime_init_post_clock_resets
 .text.runtime_init_rp2040_gpio_ie_disable
                0x10000f40       0x14 CMakeFiles/hello_pwm.dir/Users/brianlesko/.pico-sdk/sdk/2.0.0/src/rp2_common/pico_runtime_init/runtime_init.c.obj
                0x10000f40                runtime_init_rp2040_gpio_ie_disable
 .text.runtime_init_spin_locks_reset
                0x10000f54        0x8 CMakeFiles/hello_pwm.dir/Users/brianlesko/.pico-sdk/sdk/2.0.0/src/rp2_common/pico_runtime_init/runtime_init.c.obj
                0x10000f54                runtime_init_spin_locks_reset
 .text.runtime_init_install_ram_vector_table
                0x10000f5c       0x1c CMakeFiles/hello_pwm.dir/Users/brianlesko/.pico-sdk/sdk/2.0.0/src/rp2_common/pico_runtime_init/runtime_init.c.obj
                0x10000f5c                runtime_init_install_ram_vector_table
 .text.start_all_ticks
                0x10000f78       0x28 CMakeFiles/hello_pwm.dir/Users/brianlesko/.pico-sdk/sdk/2.0.0/src/rp2_common/pico_runtime_init/runtime_init_clocks.c.obj
 .text.runtime_init_clocks
                0x10000fa0       0xcc CMakeFiles/hello_pwm.dir/Users/brianlesko/.pico-sdk/sdk/2.0.0/src/rp2_common/pico_runtime_init/runtime_init_clocks.c.obj
                0x10000fa0                runtime_init_clocks
 .text          0x1000106c       0x10 CMakeFiles/hello_pwm.dir/Users/brianlesko/.pico-sdk/sdk/2.0.0/src/rp2_common/pico_bit_ops/bit_ops_aeabi.S.obj
 .text.rom_func_lookup
                0x1000107c       0x10 CMakeFiles/hello_pwm.dir/Users/brianlesko/.pico-sdk/sdk/2.0.0/src/rp2_common/pico_bootrom/bootrom.c.obj
                0x1000107c                rom_func_lookup
 .text.rom_data_lookup
                0x1000108c       0x10 CMakeFiles/hello_pwm.dir/Users/brianlesko/.pico-sdk/sdk/2.0.0/src/rp2_common/pico_bootrom/bootrom.c.obj
                0x1000108c                rom_data_lookup
 .text.rom_funcs_lookup
                0x1000109c       0x36 CMakeFiles/hello_pwm.dir/Users/brianlesko/.pico-sdk/sdk/2.0.0/src/rp2_common/pico_bootrom/bootrom.c.obj
                0x1000109c                rom_funcs_lookup
 *fill*         0x100010d2        0x2 
 .text.__wrap___aeabi_idiv
                0x100010d4       0x50 CMakeFiles/hello_pwm.dir/Users/brianlesko/.pico-sdk/sdk/2.0.0/src/rp2_common/pico_divider/divider_hardware.S.obj
                0x100010d4                __wrap___aeabi_idivmod
                0x100010d4                divmod_s32s32
                0x100010d4                div_s32s32
                0x100010d4                __wrap___aeabi_idiv
                0x100010dc                divmod_s32s32_unsafe
                0x10001108                divmod_s32s32_savestate
 .text.__wrap___aeabi_uidiv
                0x10001124       0x4c CMakeFiles/hello_pwm.dir/Users/brianlesko/.pico-sdk/sdk/2.0.0/src/rp2_common/pico_divider/divider_hardware.S.obj
                0x10001124                __wrap___aeabi_uidiv
                0x10001124                __wrap___aeabi_uidivmod
                0x10001124                div_u32u32
                0x10001124                divmod_u32u32
                0x1000112c                divmod_u32u32_unsafe
                0x10001154                divmod_u32u32_savestate
 .text.__wrap___aeabi_ldiv
                0x10001170      0x424 CMakeFiles/hello_pwm.dir/Users/brianlesko/.pico-sdk/sdk/2.0.0/src/rp2_common/pico_divider/divider_hardware.S.obj
                0x10001170                __wrap___aeabi_ldivmod
                0x10001170                div_s64s64
                0x10001170                divmod_s64s64
                0x100011a0                divmod_u64u64
                0x100011a0                div_u64u64
                0x100011a0                __wrap___aeabi_uldivmod
                0x100011b0                divmod_u64u64_savestate
                0x100011d0                divmod_s64s64_unsafe
                0x10001258                divmod_u64u64_unsafe
 .text.__wrap___aeabi_darithmetic
                0x10001594       0x80 CMakeFiles/hello_pwm.dir/Users/brianlesko/.pico-sdk/sdk/2.0.0/src/rp2_common/pico_double/double_aeabi_rp2040.S.obj
                0x10001594                __wrap___aeabi_drsub
                0x1000159a                __wrap___aeabi_dsub
                0x100015ac                __wrap___aeabi_dadd
                0x100015be                __wrap___aeabi_ddiv
                0x100015fa                __wrap___aeabi_dmul
 .text.__wrap___aeabi_cdcmple
                0x10001614       0x6c CMakeFiles/hello_pwm.dir/Users/brianlesko/.pico-sdk/sdk/2.0.0/src/rp2_common/pico_double/double_aeabi_rp2040.S.obj
                0x10001614                __wrap___aeabi_cdrcmple
                0x10001624                __wrap___aeabi_cdcmple
                0x10001624                __wrap___aeabi_cdcmpeq
 .text.__wrap___aeabi_dcmplt
                0x10001680        0xc CMakeFiles/hello_pwm.dir/Users/brianlesko/.pico-sdk/sdk/2.0.0/src/rp2_common/pico_double/double_aeabi_rp2040.S.obj
                0x10001680                __wrap___aeabi_dcmplt
 .text.__wrap___aeabi_dcmple
                0x1000168c       0x10 CMakeFiles/hello_pwm.dir/Users/brianlesko/.pico-sdk/sdk/2.0.0/src/rp2_common/pico_double/double_aeabi_rp2040.S.obj
                0x1000168c                __wrap___aeabi_dcmple
 .text.__wrap___aeabi_dcmpge
                0x1000169c       0x10 CMakeFiles/hello_pwm.dir/Users/brianlesko/.pico-sdk/sdk/2.0.0/src/rp2_common/pico_double/double_aeabi_rp2040.S.obj
                0x1000169c                __wrap___aeabi_dcmpge
 .text.__wrap___aeabi_dcmpgt
                0x100016ac        0xa CMakeFiles/hello_pwm.dir/Users/brianlesko/.pico-sdk/sdk/2.0.0/src/rp2_common/pico_double/double_aeabi_rp2040.S.obj
                0x100016ac                __wrap___aeabi_dcmpgt
 .text.__wrap___aeabi_dcmpun
                0x100016b6       0x18 CMakeFiles/hello_pwm.dir/Users/brianlesko/.pico-sdk/sdk/2.0.0/src/rp2_common/pico_double/double_aeabi_rp2040.S.obj
                0x100016b6                __wrap___aeabi_dcmpun
 *fill*         0x100016ce        0x2 
 .text.__wrap___aeabi_i2d
                0x100016d0       0x38 CMakeFiles/hello_pwm.dir/Users/brianlesko/.pico-sdk/sdk/2.0.0/src/rp2_common/pico_double/double_aeabi_rp2040.S.obj
                0x100016d0                __wrap___aeabi_ui2d
                0x100016d8                __wrap___aeabi_i2d
 .text.__wrap___aeabi_d2iz
                0x10001708       0x48 CMakeFiles/hello_pwm.dir/Users/brianlesko/.pico-sdk/sdk/2.0.0/src/rp2_common/pico_double/double_aeabi_rp2040.S.obj
                0x10001708                __wrap___aeabi_d2iz
                0x10001708                double2int_z
 .text.__wrap___aeabi_d2uiz
                0x10001750       0x18 CMakeFiles/hello_pwm.dir/Users/brianlesko/.pico-sdk/sdk/2.0.0/src/rp2_common/pico_double/double_aeabi_rp2040.S.obj
                0x10001750                double2uint
                0x10001750                __wrap___aeabi_d2uiz
 .text.__aeabi_double_init
                0x10001768       0xcc CMakeFiles/hello_pwm.dir/Users/brianlesko/.pico-sdk/sdk/2.0.0/src/rp2_common/pico_double/double_init_rom_rp2040.c.obj
                0x10001768                __aeabi_double_init
 .text.double_table_shim_on_use_helper
                0x10001834       0x34 CMakeFiles/hello_pwm.dir/Users/brianlesko/.pico-sdk/sdk/2.0.0/src/rp2_common/pico_double/double_v1_rom_shim_rp2040.S.obj
                0x10001834                double_table_shim_on_use_helper
 .text.__wrap___aeabi_dsub
                0x10001868       0x10 CMakeFiles/hello_pwm.dir/Users/brianlesko/.pico-sdk/sdk/2.0.0/src/rp2_common/pico_double/double_v1_rom_shim_rp2040.S.obj
                0x10001868                drsub_shim
                0x1000186e                dsub_shim
 .text.dadd_shim
                0x10001878      0x15c CMakeFiles/hello_pwm.dir/Users/brianlesko/.pico-sdk/sdk/2.0.0/src/rp2_common/pico_double/double_v1_rom_shim_rp2040.S.obj
                0x10001878                dadd_shim
 .text.dmul_shim
                0x100019d4      0x15c CMakeFiles/hello_pwm.dir/Users/brianlesko/.pico-sdk/sdk/2.0.0/src/rp2_common/pico_double/double_v1_rom_shim_rp2040.S.obj
                0x100019d4                dmul_shim
 .text.ddiv_shim
                0x10001b30      0x1b0 CMakeFiles/hello_pwm.dir/Users/brianlesko/.pico-sdk/sdk/2.0.0/src/rp2_common/pico_double/double_v1_rom_shim_rp2040.S.obj
                0x10001b30                ddiv_shim
 .text.double2uint_shim
                0x10001ce0        0xe CMakeFiles/hello_pwm.dir/Users/brianlesko/.pico-sdk/sdk/2.0.0/src/rp2_common/pico_double/double_v1_rom_shim_rp2040.S.obj
                0x10001ce0                double2uint_shim
                0x10001ce2                double2ufix_shim
 *fill*         0x10001cee        0x2 
 .text.double2uint64_shim
                0x10001cf0       0x70 CMakeFiles/hello_pwm.dir/Users/brianlesko/.pico-sdk/sdk/2.0.0/src/rp2_common/pico_double/double_v1_rom_shim_rp2040.S.obj
                0x10001cf0                double2uint64_shim
                0x10001cf2                double2ufix64_shim
                0x10001d12                d2fix_a
 .text.dunpacks
                0x10001d60       0x3c CMakeFiles/hello_pwm.dir/Users/brianlesko/.pico-sdk/sdk/2.0.0/src/rp2_common/pico_double/double_v1_rom_shim_rp2040.S.obj
                0x10001d60                dunpacks
 .text.__aeabi_float_init
                0x10001d9c       0xfc CMakeFiles/hello_pwm.dir/Users/brianlesko/.pico-sdk/sdk/2.0.0/src/rp2_common/pico_float/float_init_rom_rp2040.c.obj
                0x10001d9c                __aeabi_float_init
 .text.float_table_shim_on_use_helper
                0x10001e98       0x34 CMakeFiles/hello_pwm.dir/Users/brianlesko/.pico-sdk/sdk/2.0.0/src/rp2_common/pico_float/float_v1_rom_shim_rp2040.S.obj
                0x10001e98                float_table_shim_on_use_helper
 .text          0x10001ecc       0x10 CMakeFiles/hello_pwm.dir/Users/brianlesko/.pico-sdk/sdk/2.0.0/src/rp2_common/pico_mem_ops/mem_ops_aeabi.S.obj
                0x10001ecc                __aeabi_mem_init
 .text.memcpy   0x10001edc        0xc CMakeFiles/hello_pwm.dir/Users/brianlesko/.pico-sdk/sdk/2.0.0/src/rp2_common/pico_mem_ops/mem_ops_aeabi.S.obj
                0x10001edc                __wrap___aeabi_memcpy
                0x10001edc                __wrap_memcpy
 .text._out_null
                0x10001ee8        0x2 CMakeFiles/hello_pwm.dir/Users/brianlesko/.pico-sdk/sdk/2.0.0/src/rp2_common/pico_printf/printf.c.obj
 .text._out_fct
                0x10001eea        0xe CMakeFiles/hello_pwm.dir/Users/brianlesko/.pico-sdk/sdk/2.0.0/src/rp2_common/pico_printf/printf.c.obj
 .text._atoi    0x10001ef8       0x24 CMakeFiles/hello_pwm.dir/Users/brianlesko/.pico-sdk/sdk/2.0.0/src/rp2_common/pico_printf/printf.c.obj
 .text._out_rev
                0x10001f1c       0xae CMakeFiles/hello_pwm.dir/Users/brianlesko/.pico-sdk/sdk/2.0.0/src/rp2_common/pico_printf/printf.c.obj
 .text._ntoa_format
                0x10001fca      0x110 CMakeFiles/hello_pwm.dir/Users/brianlesko/.pico-sdk/sdk/2.0.0/src/rp2_common/pico_printf/printf.c.obj
 .text._ntoa_long
                0x100020da       0xbc CMakeFiles/hello_pwm.dir/Users/brianlesko/.pico-sdk/sdk/2.0.0/src/rp2_common/pico_printf/printf.c.obj
 .text._ntoa_long_long
                0x10002196      0x10e CMakeFiles/hello_pwm.dir/Users/brianlesko/.pico-sdk/sdk/2.0.0/src/rp2_common/pico_printf/printf.c.obj
 .text._etoa    0x100022a4      0x420 CMakeFiles/hello_pwm.dir/Users/brianlesko/.pico-sdk/sdk/2.0.0/src/rp2_common/pico_printf/printf.c.obj
 .text._ftoa    0x100026c4      0x354 CMakeFiles/hello_pwm.dir/Users/brianlesko/.pico-sdk/sdk/2.0.0/src/rp2_common/pico_printf/printf.c.obj
 .text._vsnprintf
                0x10002a18      0x668 CMakeFiles/hello_pwm.dir/Users/brianlesko/.pico-sdk/sdk/2.0.0/src/rp2_common/pico_printf/printf.c.obj
 .text.vfctprintf
                0x10003080       0x20 CMakeFiles/hello_pwm.dir/Users/brianlesko/.pico-sdk/sdk/2.0.0/src/rp2_common/pico_printf/printf.c.obj
                0x10003080                vfctprintf
 .text._exit    0x100030a0        0x4 CMakeFiles/hello_pwm.dir/Users/brianlesko/.pico-sdk/sdk/2.0.0/src/rp2_common/pico_clib_interface/newlib_interface.c.obj
                0x100030a0                _exit
 .text.exit     0x100030a4        0x6 CMakeFiles/hello_pwm.dir/Users/brianlesko/.pico-sdk/sdk/2.0.0/src/rp2_common/pico_clib_interface/newlib_interface.c.obj
                0x100030a4                exit
 *fill*         0x100030aa        0x2 
 .text.__assert_func
                0x100030ac       0x38 CMakeFiles/hello_pwm.dir/Users/brianlesko/.pico-sdk/sdk/2.0.0/src/rp2_common/pico_clib_interface/newlib_interface.c.obj
                0x100030ac                __assert_func
 .text.runtime_init
                0x100030e4       0x28 CMakeFiles/hello_pwm.dir/Users/brianlesko/.pico-sdk/sdk/2.0.0/src/rp2_common/pico_clib_interface/newlib_interface.c.obj
                0x100030e4                runtime_init
 .text.stdio_out_chars_no_crlf
                0x1000310c        0xe CMakeFiles/hello_pwm.dir/Users/brianlesko/.pico-sdk/sdk/2.0.0/src/rp2_common/pico_stdio/stdio.c.obj
 *fill*         0x1000311a        0x2 
 .text.stdio_out_chars_crlf
                0x1000311c       0x80 CMakeFiles/hello_pwm.dir/Users/brianlesko/.pico-sdk/sdk/2.0.0/src/rp2_common/pico_stdio/stdio.c.obj
 .text.stdio_stack_buffer_flush
                0x1000319c       0x44 CMakeFiles/hello_pwm.dir/Users/brianlesko/.pico-sdk/sdk/2.0.0/src/rp2_common/pico_stdio/stdio.c.obj
 .text.stdio_buffered_printer
                0x100031e0       0x20 CMakeFiles/hello_pwm.dir/Users/brianlesko/.pico-sdk/sdk/2.0.0/src/rp2_common/pico_stdio/stdio.c.obj
 .text.stdout_serialize_begin
                0x10003200       0x30 CMakeFiles/hello_pwm.dir/Users/brianlesko/.pico-sdk/sdk/2.0.0/src/rp2_common/pico_stdio/stdio.c.obj
                0x10003200                stdout_serialize_begin
 .text.stdout_serialize_end
                0x10003230       0x10 CMakeFiles/hello_pwm.dir/Users/brianlesko/.pico-sdk/sdk/2.0.0/src/rp2_common/pico_stdio/stdio.c.obj
                0x10003230                stdout_serialize_end
 .text.stdio_put_string
                0x10003240       0x94 CMakeFiles/hello_pwm.dir/Users/brianlesko/.pico-sdk/sdk/2.0.0/src/rp2_common/pico_stdio/stdio.c.obj
                0x10003240                stdio_put_string
 .text.stdio_flush
                0x100032d4       0x20 CMakeFiles/hello_pwm.dir/Users/brianlesko/.pico-sdk/sdk/2.0.0/src/rp2_common/pico_stdio/stdio.c.obj
                0x100032d4                stdio_flush
 .text.__wrap_puts
                0x100032f4       0x1e CMakeFiles/hello_pwm.dir/Users/brianlesko/.pico-sdk/sdk/2.0.0/src/rp2_common/pico_stdio/stdio.c.obj
                0x100032f4                __wrap_puts
                0x100032f4                stdio_puts
 *fill*         0x10003312        0x2 
 .text.__wrap_vprintf
                0x10003314       0x40 CMakeFiles/hello_pwm.dir/Users/brianlesko/.pico-sdk/sdk/2.0.0/src/rp2_common/pico_stdio/stdio.c.obj
                0x10003314                __wrap_vprintf
                0x10003314                stdio_vprintf
 .text.__wrap_printf
                0x10003354       0x18 CMakeFiles/hello_pwm.dir/Users/brianlesko/.pico-sdk/sdk/2.0.0/src/rp2_common/pico_stdio/stdio.c.obj
                0x10003354                stdio_printf
                0x10003354                __wrap_printf
 .text.strlen   0x1000336c       0x5c /Users/brianlesko/.pico-sdk/toolchain/13_2_Rel1/bin/../lib/gcc/arm-none-eabi/13.2.1/../../../../arm-none-eabi/lib/thumb/v6-m/nofp/libg.a(libc_a-strlen-stub.o)
                0x1000336c                strlen
 *(.fini)
 .fini          0x100033c8        0x4 /Users/brianlesko/.pico-sdk/toolchain/13_2_Rel1/bin/../lib/gcc/arm-none-eabi/13.2.1/thumb/v6-m/nofp/crti.o
                0x100033c8                _fini
 *fill*         0x100033cc        0x4 
 .fini.__stub   0x100033d0       0x40 linker stubs
 *crtbegin.o(.ctors)
 *crtbegin?.o(.ctors)
 *(EXCLUDE_FILE(*crtend.o *crtend?.o) .ctors)
 *(SORT_BY_NAME(.ctors.*))
 *(.ctors)
 *crtbegin.o(.dtors)
 *crtbegin?.o(.dtors)
 *(EXCLUDE_FILE(*crtend.o *crtend?.o) .dtors)
 *(SORT_BY_NAME(.dtors.*))
 *(.dtors)
                0x10003410                        . = ALIGN (0x4)
                0x10003410                        PROVIDE (__preinit_array_start = .)
 *(SORT_BY_NAME(.preinit_array.*))
 .preinit_array.00100
                0x10003410        0x4 CMakeFiles/hello_pwm.dir/Users/brianlesko/.pico-sdk/sdk/2.0.0/src/rp2_common/pico_runtime_init/runtime_init.c.obj
                0x10003410                __pre_init_runtime_init_early_resets
 .preinit_array.00101
                0x10003414        0x4 CMakeFiles/hello_pwm.dir/Users/brianlesko/.pico-sdk/sdk/2.0.0/src/rp2_common/pico_runtime_init/runtime_init.c.obj
                0x10003414                __pre_init_runtime_init_usb_power_down
 .preinit_array.00275
                0x10003418        0x4 CMakeFiles/hello_pwm.dir/Users/brianlesko/.pico-sdk/sdk/2.0.0/src/rp2_common/pico_bit_ops/bit_ops_aeabi.S.obj
 .preinit_array.00300
                0x1000341c        0x4 CMakeFiles/hello_pwm.dir/Users/brianlesko/.pico-sdk/sdk/2.0.0/src/rp2_common/pico_mem_ops/mem_ops_aeabi.S.obj
 .preinit_array.00350
                0x10003420        0x4 CMakeFiles/hello_pwm.dir/Users/brianlesko/.pico-sdk/sdk/2.0.0/src/rp2_common/pico_double/double_aeabi_rp2040.S.obj
 .preinit_array.00350
                0x10003424        0x4 CMakeFiles/hello_pwm.dir/Users/brianlesko/.pico-sdk/sdk/2.0.0/src/rp2_common/pico_float/float_aeabi_rp2040.S.obj
 .preinit_array.00500
                0x10003428        0x4 CMakeFiles/hello_pwm.dir/Users/brianlesko/.pico-sdk/sdk/2.0.0/src/rp2_common/pico_runtime_init/runtime_init.c.obj
                0x10003428                __pre_init_runtime_init_clocks
 .preinit_array.00600
                0x1000342c        0x4 CMakeFiles/hello_pwm.dir/Users/brianlesko/.pico-sdk/sdk/2.0.0/src/rp2_common/pico_runtime_init/runtime_init.c.obj
                0x1000342c                __pre_init_runtime_init_post_clock_resets
 .preinit_array.00700
                0x10003430        0x4 CMakeFiles/hello_pwm.dir/Users/brianlesko/.pico-sdk/sdk/2.0.0/src/rp2_common/pico_runtime_init/runtime_init.c.obj
                0x10003430                __pre_init_runtime_init_rp2040_gpio_ie_disable
 .preinit_array.01000
                0x10003434        0x4 CMakeFiles/hello_pwm.dir/Users/brianlesko/.pico-sdk/sdk/2.0.0/src/rp2_common/pico_runtime_init/runtime_init.c.obj
                0x10003434                __pre_init_runtime_init_spin_locks_reset
 .preinit_array.01100
                0x10003438        0x4 CMakeFiles/hello_pwm.dir/Users/brianlesko/.pico-sdk/sdk/2.0.0/src/common/pico_sync/mutex.c.obj
                0x10003438                __pre_init_runtime_init_mutex
 .preinit_array.10080
                0x1000343c        0x4 CMakeFiles/hello_pwm.dir/Users/brianlesko/.pico-sdk/sdk/2.0.0/src/rp2_common/pico_runtime_init/runtime_init.c.obj
                0x1000343c                __pre_init_runtime_init_install_ram_vector_table
 .preinit_array.11000
                0x10003440        0x4 CMakeFiles/hello_pwm.dir/Users/brianlesko/.pico-sdk/sdk/2.0.0/src/common/pico_time/time.c.obj
                0x10003440                __pre_init_runtime_init_default_alarm_pool
 .preinit_array.YYYYY
                0x10003444        0x4 CMakeFiles/hello_pwm.dir/Users/brianlesko/.pico-sdk/sdk/2.0.0/src/rp2_common/pico_runtime/runtime.c.obj
                0x10003444                __pre_init_first_per_core_initializer
 .preinit_array.ZZZZZ.01200
                0x10003448        0x4 CMakeFiles/hello_pwm.dir/Users/brianlesko/.pico-sdk/sdk/2.0.0/src/rp2_common/hardware_irq/irq.c.obj
                0x10003448                __pre_init_runtime_init_per_core_irq_priorities
 *(.preinit_array)
                0x1000344c                        PROVIDE (__preinit_array_end = .)
                0x1000344c                        . = ALIGN (0x4)
                0x1000344c                        PROVIDE (__init_array_start = .)
 *(SORT_BY_NAME(.init_array.*))
 *(.init_array)
 .init_array    0x1000344c        0x4 /Users/brianlesko/.pico-sdk/toolchain/13_2_Rel1/bin/../lib/gcc/arm-none-eabi/13.2.1/thumb/v6-m/nofp/crtbegin.o
                0x10003450                        PROVIDE (__init_array_end = .)
                0x10003450                        . = ALIGN (0x4)
                [!provide]                        PROVIDE (__fini_array_start = .)
 *(SORT_BY_NAME(.fini_array.*))
 *(.fini_array)
                [!provide]                        PROVIDE (__fini_array_end = .)
 *(.eh_frame*)
 .eh_frame      0x10003450        0x0 /Users/brianlesko/.pico-sdk/toolchain/13_2_Rel1/bin/../lib/gcc/arm-none-eabi/13.2.1/thumb/v6-m/nofp/crtbegin.o
                0x10003450                        . = ALIGN (0x4)

.glue_7         0x10003450        0x0
 .glue_7        0x10003450        0x0 linker stubs

.glue_7t        0x10003450        0x0
 .glue_7t       0x10003450        0x0 linker stubs

.vfp11_veneer   0x10003450        0x0
 .vfp11_veneer  0x10003450        0x0 linker stubs

.v4_bx          0x10003450        0x0
 .v4_bx         0x10003450        0x0 linker stubs

.iplt           0x10003450        0x0
 .iplt          0x10003450        0x0 /Users/brianlesko/.pico-sdk/toolchain/13_2_Rel1/bin/../lib/gcc/arm-none-eabi/13.2.1/thumb/v6-m/nofp/crtbegin.o

.rodata         0x10003450      0x7dc
 *(EXCLUDE_FILE(*libm.a: *libc.a:*lib_a-mem*.o *libgcc.a:) .rodata*)
 .rodata.panic.str1.4
                0x10003450      0x4eb CMakeFiles/hello_pwm.dir/Users/brianlesko/.pico-sdk/sdk/2.0.0/src/rp2_common/pico_platform_panic/panic.c.obj
                                 0x12 (size before relaxing)
 .rodata.resolve_j_16.str1.4
                0x1000393b       0x60 CMakeFiles/hello_pwm.dir/Users/brianlesko/.pico-sdk/sdk/2.0.0/src/rp2_common/hardware_irq/irq.c.obj
 .rodata.irq_set_exclusive_handler.str1.4
                0x1000393b       0x36 CMakeFiles/hello_pwm.dir/Users/brianlesko/.pico-sdk/sdk/2.0.0/src/rp2_common/hardware_irq/irq.c.obj
 *fill*         0x1000393b        0x1 
 .rodata.__func__.6
                0x1000393c       0x1a CMakeFiles/hello_pwm.dir/Users/brianlesko/.pico-sdk/sdk/2.0.0/src/rp2_common/hardware_irq/irq.c.obj
 .rodata.runtime_init_mutex.str1.4
                0x10003956       0x63 CMakeFiles/hello_pwm.dir/Users/brianlesko/.pico-sdk/sdk/2.0.0/src/common/pico_sync/mutex.c.obj
 .rodata.str1.4
                0x10003956       0x51 CMakeFiles/hello_pwm.dir/Users/brianlesko/.pico-sdk/sdk/2.0.0/src/common/pico_sync/mutex.c.obj
 *fill*         0x10003956        0x2 
 .rodata.__func__.1
                0x10003958        0xb CMakeFiles/hello_pwm.dir/Users/brianlesko/.pico-sdk/sdk/2.0.0/src/common/pico_sync/mutex.c.obj
 *fill*         0x10003963        0x1 
 .rodata.__func__.3
                0x10003964       0x18 CMakeFiles/hello_pwm.dir/Users/brianlesko/.pico-sdk/sdk/2.0.0/src/common/pico_sync/mutex.c.obj
 .rodata.__func__.6
                0x1000397c       0x13 CMakeFiles/hello_pwm.dir/Users/brianlesko/.pico-sdk/sdk/2.0.0/src/common/pico_sync/mutex.c.obj
 .rodata.alarm_pool_irq_handler.str1.4
                0x1000398f       0x6e CMakeFiles/hello_pwm.dir/Users/brianlesko/.pico-sdk/sdk/2.0.0/src/common/pico_time/time.c.obj
 .rodata.alarm_pool_get_default.str1.4
                0x1000398f       0x21 CMakeFiles/hello_pwm.dir/Users/brianlesko/.pico-sdk/sdk/2.0.0/src/common/pico_time/time.c.obj
 *fill*         0x1000398f        0x1 
 .rodata.__func__.1
                0x10003990       0x17 CMakeFiles/hello_pwm.dir/Users/brianlesko/.pico-sdk/sdk/2.0.0/src/common/pico_time/time.c.obj
 *fill*         0x100039a7        0x1 
 .rodata.__func__.2
                0x100039a8       0x17 CMakeFiles/hello_pwm.dir/Users/brianlesko/.pico-sdk/sdk/2.0.0/src/common/pico_time/time.c.obj
 .rodata.timer_hardware_alarm_claim.str1.4
                0x100039bf       0x22 CMakeFiles/hello_pwm.dir/Users/brianlesko/.pico-sdk/sdk/2.0.0/src/rp2_common/hardware_timer/timer.c.obj
 .rodata.pll_init.str1.4
                0x100039bf      0x11c CMakeFiles/hello_pwm.dir/Users/brianlesko/.pico-sdk/sdk/2.0.0/src/rp2_common/hardware_pll/pll.c.obj
 *fill*         0x100039bf        0x1 
 .rodata.__func__.0
                0x100039c0        0x9 CMakeFiles/hello_pwm.dir/Users/brianlesko/.pico-sdk/sdk/2.0.0/src/rp2_common/hardware_pll/pll.c.obj
 .rodata.__aeabi_double_init.str1.4
                0x100039c9       0x9e CMakeFiles/hello_pwm.dir/Users/brianlesko/.pico-sdk/sdk/2.0.0/src/rp2_common/pico_double/double_init_rom_rp2040.c.obj
 *fill*         0x100039c9        0x3 
 .rodata.__func__.0
                0x100039cc       0x14 CMakeFiles/hello_pwm.dir/Users/brianlesko/.pico-sdk/sdk/2.0.0/src/rp2_common/pico_double/double_init_rom_rp2040.c.obj
 .rodata.__aeabi_float_init.str1.4
                0x100039e0       0x90 CMakeFiles/hello_pwm.dir/Users/brianlesko/.pico-sdk/sdk/2.0.0/src/rp2_common/pico_float/float_init_rom_rp2040.c.obj
 .rodata.__func__.0
                0x100039e0       0x13 CMakeFiles/hello_pwm.dir/Users/brianlesko/.pico-sdk/sdk/2.0.0/src/rp2_common/pico_float/float_init_rom_rp2040.c.obj
 .rodata.str1.4
                0x100039f3       0x30 CMakeFiles/hello_pwm.dir/Users/brianlesko/.pico-sdk/sdk/2.0.0/src/rp2_common/pico_standard_binary_info/standard_binary_info.c.obj
 *fill*         0x100039f3        0x1 
 .rodata.__bi_84
                0x100039f4        0xc CMakeFiles/hello_pwm.dir/Users/brianlesko/.pico-sdk/sdk/2.0.0/src/rp2_common/pico_standard_binary_info/standard_binary_info.c.obj
 .rodata.__bi_54
                0x10003a00        0xc CMakeFiles/hello_pwm.dir/Users/brianlesko/.pico-sdk/sdk/2.0.0/src/rp2_common/pico_standard_binary_info/standard_binary_info.c.obj
 .rodata.__bi_48
                0x10003a0c        0xc CMakeFiles/hello_pwm.dir/Users/brianlesko/.pico-sdk/sdk/2.0.0/src/rp2_common/pico_standard_binary_info/standard_binary_info.c.obj
 .rodata.__bi_42
                0x10003a18        0xc CMakeFiles/hello_pwm.dir/Users/brianlesko/.pico-sdk/sdk/2.0.0/src/rp2_common/pico_standard_binary_info/standard_binary_info.c.obj
 .rodata.__bi_34
                0x10003a24        0xc CMakeFiles/hello_pwm.dir/Users/brianlesko/.pico-sdk/sdk/2.0.0/src/rp2_common/pico_standard_binary_info/standard_binary_info.c.obj
 .rodata.__bi_26
                0x10003a30        0xc CMakeFiles/hello_pwm.dir/Users/brianlesko/.pico-sdk/sdk/2.0.0/src/rp2_common/pico_standard_binary_info/standard_binary_info.c.obj
 .rodata._ftoa.str1.4
                0x10003a3c       0x15 CMakeFiles/hello_pwm.dir/Users/brianlesko/.pico-sdk/sdk/2.0.0/src/rp2_common/pico_printf/printf.c.obj
 .rodata._vsnprintf
                0x10003a3c      0x19c CMakeFiles/hello_pwm.dir/Users/brianlesko/.pico-sdk/sdk/2.0.0/src/rp2_common/pico_printf/printf.c.obj
 .rodata.pow10.0
                0x10003bd8       0x50 CMakeFiles/hello_pwm.dir/Users/brianlesko/.pico-sdk/sdk/2.0.0/src/rp2_common/pico_printf/printf.c.obj
 .rodata.__assert_func.str1.4
                0x10003c28       0x43 CMakeFiles/hello_pwm.dir/Users/brianlesko/.pico-sdk/sdk/2.0.0/src/rp2_common/pico_clib_interface/newlib_interface.c.obj
 .rodata.crlf_str.0
                0x10003c28        0x2 CMakeFiles/hello_pwm.dir/Users/brianlesko/.pico-sdk/sdk/2.0.0/src/rp2_common/pico_stdio/stdio.c.obj
                0x10003c6c                        . = ALIGN (0x4)
 *fill*         0x10003c2a        0x2 
 *(SORT_BY_ALIGNMENT(SORT_BY_NAME(.flashdata*)))
                0x10003c2c                        . = ALIGN (0x4)

.ARM.extab
 *(.ARM.extab* .gnu.linkonce.armextab.*)
                0x10003c2c                        __exidx_start = .

.ARM.exidx
 *(.ARM.exidx* .gnu.linkonce.armexidx.*)
                0x10003c2c                        __exidx_end = .
                0x10003c2c                        . = ALIGN (0x4)
                0x10003c2c                        __binary_info_start = .

.binary_info    0x10003c2c       0x18
 *(.binary_info.keep.*)
 .binary_info.keep.__bi_ptr84
                0x10003c2c        0x4 CMakeFiles/hello_pwm.dir/Users/brianlesko/.pico-sdk/sdk/2.0.0/src/rp2_common/pico_standard_binary_info/standard_binary_info.c.obj
 .binary_info.keep.__bi_ptr54
                0x10003c30        0x4 CMakeFiles/hello_pwm.dir/Users/brianlesko/.pico-sdk/sdk/2.0.0/src/rp2_common/pico_standard_binary_info/standard_binary_info.c.obj
 .binary_info.keep.__bi_ptr48
                0x10003c34        0x4 CMakeFiles/hello_pwm.dir/Users/brianlesko/.pico-sdk/sdk/2.0.0/src/rp2_common/pico_standard_binary_info/standard_binary_info.c.obj
 .binary_info.keep.__bi_ptr42
                0x10003c38        0x4 CMakeFiles/hello_pwm.dir/Users/brianlesko/.pico-sdk/sdk/2.0.0/src/rp2_common/pico_standard_binary_info/standard_binary_info.c.obj
 .binary_info.keep.__bi_ptr34
                0x10003c3c        0x4 CMakeFiles/hello_pwm.dir/Users/brianlesko/.pico-sdk/sdk/2.0.0/src/rp2_common/pico_standard_binary_info/standard_binary_info.c.obj
 .binary_info.keep.__bi_ptr26
                0x10003c40        0x4 CMakeFiles/hello_pwm.dir/Users/brianlesko/.pico-sdk/sdk/2.0.0/src/rp2_common/pico_standard_binary_info/standard_binary_info.c.obj
 *(.binary_info.*)
                0x10003c44                        __binary_info_end = .

.rel.dyn        0x10003c44        0x0
 .rel.iplt      0x10003c44        0x0 /Users/brianlesko/.pico-sdk/toolchain/13_2_Rel1/bin/../lib/gcc/arm-none-eabi/13.2.1/thumb/v6-m/nofp/crtbegin.o
                0x10003c44                        . = ALIGN (0x4)

.ram_vector_table
                0x20000000       0xc0
 *(.ram_vector_table)
 .ram_vector_table
                0x20000000       0xc0 CMakeFiles/hello_pwm.dir/Users/brianlesko/.pico-sdk/sdk/2.0.0/src/rp2_common/pico_runtime_init/runtime_init.c.obj
                0x20000000                ram_vector_table

.uninitialized_data
                0x200000c0        0x0
                0x200000c0                        . = ALIGN (0x4)
 *(.uninitialized_data*)

.data           0x200000c0      0x1c8 load address 0x10003c44
                0x200000c0                        __data_start__ = .
 *(vtable)
 *(.time_critical*)
 .time_critical.mutex_try_enter
                0x200000c0       0x48 CMakeFiles/hello_pwm.dir/Users/brianlesko/.pico-sdk/sdk/2.0.0/src/common/pico_sync/mutex.c.obj
                0x200000c0                mutex_try_enter
 .time_critical.mutex_enter_block_until
                0x20000108       0x90 CMakeFiles/hello_pwm.dir/Users/brianlesko/.pico-sdk/sdk/2.0.0/src/common/pico_sync/mutex.c.obj
                0x20000108                mutex_enter_block_until
 .time_critical.mutex_try_enter_block_until
                0x20000198       0x34 CMakeFiles/hello_pwm.dir/Users/brianlesko/.pico-sdk/sdk/2.0.0/src/common/pico_sync/mutex.c.obj
                0x20000198                mutex_try_enter_block_until
 .time_critical.mutex_exit
                0x200001cc       0x4c CMakeFiles/hello_pwm.dir/Users/brianlesko/.pico-sdk/sdk/2.0.0/src/common/pico_sync/mutex.c.obj
                0x200001cc                mutex_exit
 *(.text*)
 .text          0x20000218        0x4 /Users/brianlesko/.pico-sdk/toolchain/13_2_Rel1/bin/../lib/gcc/arm-none-eabi/13.2.1/thumb/v6-m/nofp/libgcc.a(_dvmd_tls.o)
                0x20000218                __aeabi_ldiv0
                0x20000218                __aeabi_idiv0
 *fill*         0x2000021c        0x4 
 .text.__stub   0x20000220       0x20 linker stubs
                0x20000240                        . = ALIGN (0x4)
 *(.rodata*)
                0x20000240                        . = ALIGN (0x4)
 *(.data*)
 .data.striped_spin_lock_num
                0x20000240        0x1 CMakeFiles/hello_pwm.dir/Users/brianlesko/.pico-sdk/sdk/2.0.0/src/rp2_common/hardware_sync/sync.c.obj
 *fill*         0x20000241        0x3 
 .data.default_alarm_pool
                0x20000244       0x18 CMakeFiles/hello_pwm.dir/Users/brianlesko/.pico-sdk/sdk/2.0.0/src/common/pico_time/time.c.obj
 *fill*         0x2000025c        0x4 
 .data.aeabi_bits_funcs
                0x20000260       0x10 CMakeFiles/hello_pwm.dir/Users/brianlesko/.pico-sdk/sdk/2.0.0/src/rp2_common/pico_bit_ops/bit_ops_aeabi.S.obj
                0x20000260                aeabi_bits_funcs
                0x20000270                aeabi_bits_funcs_end
 .data.aeabi_mem_funcs
                0x20000270       0x10 CMakeFiles/hello_pwm.dir/Users/brianlesko/.pico-sdk/sdk/2.0.0/src/rp2_common/pico_mem_ops/mem_ops_aeabi.S.obj
                0x20000270                aeabi_mem_funcs
                0x20000280                aeabi_mem_funcs_end
                0x20000280                        . = ALIGN (0x4)
 *(.after_data.*)
                0x20000280                        . = ALIGN (0x4)
                0x20000280                        PROVIDE (__mutex_array_start = .)
 *(SORT_BY_NAME(.mutex_array.*))
 *(.mutex_array)
 .mutex_array   0x20000280        0x8 CMakeFiles/hello_pwm.dir/Users/brianlesko/.pico-sdk/sdk/2.0.0/src/rp2_common/pico_stdio/stdio.c.obj
                0x20000288                        PROVIDE (__mutex_array_end = .)
                0x20000288                        . = ALIGN (0x4)
 *(.jcr)
                0x20000288                        . = ALIGN (0x4)

.tm_clone_table
                0x20000288        0x0 load address 0x10003e0c
 .tm_clone_table
                0x20000288        0x0 /Users/brianlesko/.pico-sdk/toolchain/13_2_Rel1/bin/../lib/gcc/arm-none-eabi/13.2.1/thumb/v6-m/nofp/crtbegin.o
 .tm_clone_table
                0x20000288        0x0 /Users/brianlesko/.pico-sdk/toolchain/13_2_Rel1/bin/../lib/gcc/arm-none-eabi/13.2.1/thumb/v6-m/nofp/crtend.o

.igot.plt       0x20000288        0x0 load address 0x10003e0c
 .igot.plt      0x20000288        0x0 /Users/brianlesko/.pico-sdk/toolchain/13_2_Rel1/bin/../lib/gcc/arm-none-eabi/13.2.1/thumb/v6-m/nofp/crtbegin.o

.tdata          0x20000288        0x0 load address 0x10003e0c
                0x20000288                        . = ALIGN (0x4)
 *(.tdata .tdata.* .gnu.linkonce.td.*)
                0x20000288                        __tdata_end = .
                0x20000288                        PROVIDE (__data_end__ = .)
                0x10003c44                        __etext = LOADADDR (.data)

.tbss           0x20000288        0x0 load address 0x10003e0c
                0x20000288                        . = ALIGN (0x4)
                0x20000288                        __bss_start__ = .
                0x20000288                        __tls_base = .
 *(.tbss .tbss.* .gnu.linkonce.tb.*)
 *(.tcommon)
                0x20000288                        __tls_end = .

.bss            0x20000288      0x3e4 load address 0x10003e0c
                0x20000288                        . = ALIGN (0x4)
                0x20000288                        __tbss_end = .
 *(SORT_BY_ALIGNMENT(SORT_BY_NAME(.bss*)))
 .bss.default_alarm_pool_entries
                0x20000288      0x180 CMakeFiles/hello_pwm.dir/Users/brianlesko/.pico-sdk/sdk/2.0.0/src/common/pico_time/time.c.obj
 .bss.claimed   0x20000408        0x1 CMakeFiles/hello_pwm.dir/Users/brianlesko/.pico-sdk/sdk/2.0.0/src/rp2_common/hardware_timer/timer.c.obj
 *fill*         0x20000409        0x3 
 .bss.configured_freq
                0x2000040c       0x28 CMakeFiles/hello_pwm.dir/Users/brianlesko/.pico-sdk/sdk/2.0.0/src/rp2_common/hardware_clocks/clocks.c.obj
 .bss.drivers   0x20000434        0x4 CMakeFiles/hello_pwm.dir/Users/brianlesko/.pico-sdk/sdk/2.0.0/src/rp2_common/pico_stdio/stdio.c.obj
 .bss.filter    0x20000438        0x4 CMakeFiles/hello_pwm.dir/Users/brianlesko/.pico-sdk/sdk/2.0.0/src/rp2_common/pico_stdio/stdio.c.obj
 .bss.object.0  0x2000043c       0x18 /Users/brianlesko/.pico-sdk/toolchain/13_2_Rel1/bin/../lib/gcc/arm-none-eabi/13.2.1/thumb/v6-m/nofp/crtbegin.o
 .bss.pools     0x20000454       0x10 CMakeFiles/hello_pwm.dir/Users/brianlesko/.pico-sdk/sdk/2.0.0/src/common/pico_time/time.c.obj
 .bss.sd_table  0x20000464      0x100 CMakeFiles/hello_pwm.dir/Users/brianlesko/.pico-sdk/sdk/2.0.0/src/rp2_common/pico_double/double_init_rom_rp2040.c.obj
                0x20000464                sd_table
 .bss.sf_clz_func
                0x20000564        0x4 CMakeFiles/hello_pwm.dir/Users/brianlesko/.pico-sdk/sdk/2.0.0/src/rp2_common/pico_double/double_init_rom_rp2040.c.obj
                0x20000564                sf_clz_func
 .bss.sf_table  0x20000568      0x100 CMakeFiles/hello_pwm.dir/Users/brianlesko/.pico-sdk/sdk/2.0.0/src/rp2_common/pico_float/float_init_rom_rp2040.c.obj
                0x20000568                sf_table
 .bss.sleep_notifier
                0x20000668        0x4 CMakeFiles/hello_pwm.dir/Users/brianlesko/.pico-sdk/sdk/2.0.0/src/common/pico_time/time.c.obj
 *(COMMON)
                0x2000066c                        . = ALIGN (0x4)
                0x2000066c                        __bss_end__ = .

.heap           0x2000066c    0x3f994 load address 0x10003e0c
                0x2000066c                        __end__ = .
                0x2000066c                        end = __end__
 *(.heap*)
 .heap          0x2000066c      0x800 CMakeFiles/hello_pwm.dir/Users/brianlesko/.pico-sdk/sdk/2.0.0/src/rp2_common/pico_crt0/crt0.S.obj
                0x20040000                        . = (ORIGIN (RAM) + LENGTH (RAM))
 *fill*         0x20000e6c    0x3f194 
                0x20040000                        __HeapLimit = .

.scratch_x      0x20040000        0x0 load address 0x10003e0c
                0x20040000                        __scratch_x_start__ = .
 *(.scratch_x.*)
                0x20040000                        . = ALIGN (0x4)
                0x20040000                        __scratch_x_end__ = .
                0x10003e0c                        __scratch_x_source__ = LOADADDR (.scratch_x)

.scratch_y      0x20041000        0x0 load address 0x10003e0c
                0x20041000                        __scratch_y_start__ = .
 *(.scratch_y.*)
                0x20041000                        . = ALIGN (0x4)
                0x20041000                        __scratch_y_end__ = .
                0x10003e0c                        __scratch_y_source__ = LOADADDR (.scratch_y)

.stack1_dummy
 *(.stack1*)

.stack_dummy    0x20041000      0x800
 *(.stack*)
 .stack         0x20041000      0x800 CMakeFiles/hello_pwm.dir/Users/brianlesko/.pico-sdk/sdk/2.0.0/src/rp2_common/pico_crt0/crt0.S.obj

.flash_end      0x10003e0c        0x0
 *(.embedded_end_block*)
                0x10003e0c                        PROVIDE (__flash_binary_end = .)
                0x20040000                        __StackLimit = (ORIGIN (RAM) + LENGTH (RAM))
                0x20041000                        __StackOneTop = (ORIGIN (SCRATCH_X) + LENGTH (SCRATCH_X))
                0x20042000                        __StackTop = (ORIGIN (SCRATCH_Y) + LENGTH (SCRATCH_Y))
                0x20041000                        __StackOneBottom = (__StackOneTop - SIZEOF (.stack1_dummy))
                0x20041800                        __StackBottom = (__StackTop - SIZEOF (.stack_dummy))
                0x20042000                        PROVIDE (__stack = __StackTop)
                [!provide]                        PROVIDE (__heap_start = __end__)
                [!provide]                        PROVIDE (__heap_end = __HeapLimit)
                [!provide]                        PROVIDE (__tls_align = MAX (ALIGNOF (.tdata), ALIGNOF (.tbss)))
                [!provide]                        PROVIDE (__tls_size_align = (((__tls_size + __tls_align) - 0x1) & ~ ((__tls_align - 0x1))))
                [!provide]                        PROVIDE (__arm32_tls_tcb_offset = MAX (0x8, __tls_align))
                [!provide]                        PROVIDE (_end = __end__)
                [!provide]                        PROVIDE (__llvm_libc_heap_limit = __HeapLimit)
                0x00000001                        ASSERT ((__StackLimit >= __HeapLimit), region RAM overflowed)
                0x00000001                        ASSERT (((__binary_info_header_end - __logical_binary_start) <= 0x100), Binary info must be in first 256 bytes of the binary)
LOAD CMakeFiles/hello_pwm.dir/hello_pwm.c.obj
LOAD CMakeFiles/hello_pwm.dir/Users/brianlesko/.pico-sdk/sdk/2.0.0/src/rp2_common/pico_stdlib/stdlib.c.obj
LOAD CMakeFiles/hello_pwm.dir/Users/brianlesko/.pico-sdk/sdk/2.0.0/src/rp2_common/hardware_gpio/gpio.c.obj
LOAD CMakeFiles/hello_pwm.dir/Users/brianlesko/.pico-sdk/sdk/2.0.0/src/rp2040/pico_platform/platform.c.obj
LOAD CMakeFiles/hello_pwm.dir/Users/brianlesko/.pico-sdk/sdk/2.0.0/src/rp2_common/pico_platform_panic/panic.c.obj
LOAD CMakeFiles/hello_pwm.dir/Users/brianlesko/.pico-sdk/sdk/2.0.0/src/common/hardware_claim/claim.c.obj
LOAD CMakeFiles/hello_pwm.dir/Users/brianlesko/.pico-sdk/sdk/2.0.0/src/rp2_common/hardware_sync/sync.c.obj
LOAD CMakeFiles/hello_pwm.dir/Users/brianlesko/.pico-sdk/sdk/2.0.0/src/rp2_common/hardware_sync_spin_lock/sync_spin_lock.c.obj
LOAD CMakeFiles/hello_pwm.dir/Users/brianlesko/.pico-sdk/sdk/2.0.0/src/rp2_common/hardware_irq/irq.c.obj
LOAD CMakeFiles/hello_pwm.dir/Users/brianlesko/.pico-sdk/sdk/2.0.0/src/rp2_common/hardware_irq/irq_handler_chain.S.obj
LOAD CMakeFiles/hello_pwm.dir/Users/brianlesko/.pico-sdk/sdk/2.0.0/src/common/pico_sync/sem.c.obj
LOAD CMakeFiles/hello_pwm.dir/Users/brianlesko/.pico-sdk/sdk/2.0.0/src/common/pico_sync/lock_core.c.obj
LOAD CMakeFiles/hello_pwm.dir/Users/brianlesko/.pico-sdk/sdk/2.0.0/src/common/pico_sync/mutex.c.obj
LOAD CMakeFiles/hello_pwm.dir/Users/brianlesko/.pico-sdk/sdk/2.0.0/src/common/pico_sync/critical_section.c.obj
LOAD CMakeFiles/hello_pwm.dir/Users/brianlesko/.pico-sdk/sdk/2.0.0/src/common/pico_time/time.c.obj
LOAD CMakeFiles/hello_pwm.dir/Users/brianlesko/.pico-sdk/sdk/2.0.0/src/common/pico_time/timeout_helper.c.obj
LOAD CMakeFiles/hello_pwm.dir/Users/brianlesko/.pico-sdk/sdk/2.0.0/src/rp2_common/hardware_timer/timer.c.obj
LOAD CMakeFiles/hello_pwm.dir/Users/brianlesko/.pico-sdk/sdk/2.0.0/src/common/pico_util/datetime.c.obj
LOAD CMakeFiles/hello_pwm.dir/Users/brianlesko/.pico-sdk/sdk/2.0.0/src/common/pico_util/pheap.c.obj
LOAD CMakeFiles/hello_pwm.dir/Users/brianlesko/.pico-sdk/sdk/2.0.0/src/common/pico_util/queue.c.obj
LOAD CMakeFiles/hello_pwm.dir/Users/brianlesko/.pico-sdk/sdk/2.0.0/src/rp2_common/hardware_uart/uart.c.obj
LOAD CMakeFiles/hello_pwm.dir/Users/brianlesko/.pico-sdk/sdk/2.0.0/src/rp2_common/hardware_clocks/clocks.c.obj
LOAD CMakeFiles/hello_pwm.dir/Users/brianlesko/.pico-sdk/sdk/2.0.0/src/rp2_common/hardware_pll/pll.c.obj
LOAD CMakeFiles/hello_pwm.dir/Users/brianlesko/.pico-sdk/sdk/2.0.0/src/rp2_common/hardware_vreg/vreg.c.obj
LOAD CMakeFiles/hello_pwm.dir/Users/brianlesko/.pico-sdk/sdk/2.0.0/src/rp2_common/hardware_watchdog/watchdog.c.obj
LOAD CMakeFiles/hello_pwm.dir/Users/brianlesko/.pico-sdk/sdk/2.0.0/src/rp2_common/hardware_ticks/ticks.c.obj
LOAD CMakeFiles/hello_pwm.dir/Users/brianlesko/.pico-sdk/sdk/2.0.0/src/rp2_common/hardware_xosc/xosc.c.obj
LOAD CMakeFiles/hello_pwm.dir/Users/brianlesko/.pico-sdk/sdk/2.0.0/src/rp2_common/hardware_divider/divider.S.obj
LOAD CMakeFiles/hello_pwm.dir/Users/brianlesko/.pico-sdk/sdk/2.0.0/src/rp2_common/pico_runtime/runtime.c.obj
LOAD CMakeFiles/hello_pwm.dir/Users/brianlesko/.pico-sdk/sdk/2.0.0/src/rp2_common/pico_runtime_init/runtime_init.c.obj
LOAD CMakeFiles/hello_pwm.dir/Users/brianlesko/.pico-sdk/sdk/2.0.0/src/rp2_common/pico_runtime_init/runtime_init_clocks.c.obj
LOAD CMakeFiles/hello_pwm.dir/Users/brianlesko/.pico-sdk/sdk/2.0.0/src/rp2_common/pico_runtime_init/runtime_init_stack_guard.c.obj
LOAD CMakeFiles/hello_pwm.dir/Users/brianlesko/.pico-sdk/sdk/2.0.0/src/rp2_common/pico_bit_ops/bit_ops_aeabi.S.obj
LOAD CMakeFiles/hello_pwm.dir/Users/brianlesko/.pico-sdk/sdk/2.0.0/src/rp2_common/pico_bootrom/bootrom.c.obj
LOAD CMakeFiles/hello_pwm.dir/Users/brianlesko/.pico-sdk/sdk/2.0.0/src/rp2_common/pico_bootrom/bootrom_lock.c.obj
LOAD CMakeFiles/hello_pwm.dir/Users/brianlesko/.pico-sdk/sdk/2.0.0/src/rp2_common/hardware_boot_lock/boot_lock.c.obj
LOAD CMakeFiles/hello_pwm.dir/Users/brianlesko/.pico-sdk/sdk/2.0.0/src/rp2_common/pico_divider/divider_hardware.S.obj
LOAD CMakeFiles/hello_pwm.dir/Users/brianlesko/.pico-sdk/sdk/2.0.0/src/rp2_common/pico_double/double_aeabi_rp2040.S.obj
LOAD CMakeFiles/hello_pwm.dir/Users/brianlesko/.pico-sdk/sdk/2.0.0/src/rp2_common/pico_double/double_init_rom_rp2040.c.obj
LOAD CMakeFiles/hello_pwm.dir/Users/brianlesko/.pico-sdk/sdk/2.0.0/src/rp2_common/pico_double/double_math.c.obj
LOAD CMakeFiles/hello_pwm.dir/Users/brianlesko/.pico-sdk/sdk/2.0.0/src/rp2_common/pico_double/double_v1_rom_shim_rp2040.S.obj
LOAD CMakeFiles/hello_pwm.dir/Users/brianlesko/.pico-sdk/sdk/2.0.0/src/rp2_common/pico_int64_ops/pico_int64_ops_aeabi.S.obj
LOAD CMakeFiles/hello_pwm.dir/Users/brianlesko/.pico-sdk/sdk/2.0.0/src/rp2_common/pico_float/float_aeabi_rp2040.S.obj
LOAD CMakeFiles/hello_pwm.dir/Users/brianlesko/.pico-sdk/sdk/2.0.0/src/rp2_common/pico_float/float_init_rom_rp2040.c.obj
LOAD CMakeFiles/hello_pwm.dir/Users/brianlesko/.pico-sdk/sdk/2.0.0/src/rp2_common/pico_float/float_math.c.obj
LOAD CMakeFiles/hello_pwm.dir/Users/brianlesko/.pico-sdk/sdk/2.0.0/src/rp2_common/pico_float/float_v1_rom_shim_rp2040.S.obj
LOAD CMakeFiles/hello_pwm.dir/Users/brianlesko/.pico-sdk/sdk/2.0.0/src/rp2_common/pico_malloc/malloc.c.obj
LOAD CMakeFiles/hello_pwm.dir/Users/brianlesko/.pico-sdk/sdk/2.0.0/src/rp2_common/pico_mem_ops/mem_ops_aeabi.S.obj
LOAD CMakeFiles/hello_pwm.dir/Users/brianlesko/.pico-sdk/sdk/2.0.0/src/rp2_common/pico_atomic/atomic.c.obj
LOAD CMakeFiles/hello_pwm.dir/Users/brianlesko/.pico-sdk/sdk/2.0.0/src/rp2_common/pico_cxx_options/new_delete.cpp.obj
LOAD CMakeFiles/hello_pwm.dir/Users/brianlesko/.pico-sdk/sdk/2.0.0/src/rp2_common/pico_standard_binary_info/standard_binary_info.c.obj
LOAD CMakeFiles/hello_pwm.dir/Users/brianlesko/.pico-sdk/sdk/2.0.0/src/rp2_common/pico_printf/printf.c.obj
LOAD CMakeFiles/hello_pwm.dir/Users/brianlesko/.pico-sdk/sdk/2.0.0/src/rp2_common/pico_crt0/crt0.S.obj
LOAD CMakeFiles/hello_pwm.dir/Users/brianlesko/.pico-sdk/sdk/2.0.0/src/rp2_common/pico_clib_interface/newlib_interface.c.obj
LOAD CMakeFiles/hello_pwm.dir/Users/brianlesko/.pico-sdk/sdk/2.0.0/src/rp2_common/pico_stdio/stdio.c.obj
LOAD CMakeFiles/hello_pwm.dir/Users/brianlesko/.pico-sdk/sdk/2.0.0/src/rp2_common/pico_stdio_uart/stdio_uart.c.obj
LOAD /var/folders/z5/9z702w_d7xb5zs4lq1hj6lrm0000gp/T//cc5XNDbU.o
LOAD /Users/brianlesko/.pico-sdk/toolchain/13_2_Rel1/bin/../lib/gcc/arm-none-eabi/13.2.1/../../../../arm-none-eabi/lib/thumb/v6-m/nofp/libstdc++.a
LOAD /Users/brianlesko/.pico-sdk/toolchain/13_2_Rel1/bin/../lib/gcc/arm-none-eabi/13.2.1/../../../../arm-none-eabi/lib/thumb/v6-m/nofp/libm.a
START GROUP
LOAD /Users/brianlesko/.pico-sdk/toolchain/13_2_Rel1/bin/../lib/gcc/arm-none-eabi/13.2.1/thumb/v6-m/nofp/libgcc.a
LOAD /Users/brianlesko/.pico-sdk/toolchain/13_2_Rel1/bin/../lib/gcc/arm-none-eabi/13.2.1/../../../../arm-none-eabi/lib/thumb/v6-m/nofp/libg.a
LOAD /Users/brianlesko/.pico-sdk/toolchain/13_2_Rel1/bin/../lib/gcc/arm-none-eabi/13.2.1/../../../../arm-none-eabi/lib/thumb/v6-m/nofp/libc.a
END GROUP
START GROUP
LOAD /Users/brianlesko/.pico-sdk/toolchain/13_2_Rel1/bin/../lib/gcc/arm-none-eabi/13.2.1/thumb/v6-m/nofp/libgcc.a
LOAD /Users/brianlesko/.pico-sdk/toolchain/13_2_Rel1/bin/../lib/gcc/arm-none-eabi/13.2.1/../../../../arm-none-eabi/lib/thumb/v6-m/nofp/libc.a
LOAD /Users/brianlesko/.pico-sdk/toolchain/13_2_Rel1/bin/../lib/gcc/arm-none-eabi/13.2.1/../../../../arm-none-eabi/lib/thumb/v6-m/nofp/libnosys.a
END GROUP
LOAD /Users/brianlesko/.pico-sdk/toolchain/13_2_Rel1/bin/../lib/gcc/arm-none-eabi/13.2.1/thumb/v6-m/nofp/crtend.o
LOAD /Users/brianlesko/.pico-sdk/toolchain/13_2_Rel1/bin/../lib/gcc/arm-none-eabi/13.2.1/thumb/v6-m/nofp/crtn.o
OUTPUT(hello_pwm.elf elf32-littlearm)
LOAD linker stubs

.ARM.attributes
                0x00000000       0x28
 .ARM.attributes
                0x00000000       0x1e /Users/brianlesko/.pico-sdk/toolchain/13_2_Rel1/bin/../lib/gcc/arm-none-eabi/13.2.1/thumb/v6-m/nofp/crti.o
 .ARM.attributes
                0x0000001e       0x2c /Users/brianlesko/.pico-sdk/toolchain/13_2_Rel1/bin/../lib/gcc/arm-none-eabi/13.2.1/thumb/v6-m/nofp/crtbegin.o
 .ARM.attributes
                0x0000004a       0x2c CMakeFiles/hello_pwm.dir/hello_pwm.c.obj
 .ARM.attributes
                0x00000076       0x2c CMakeFiles/hello_pwm.dir/Users/brianlesko/.pico-sdk/sdk/2.0.0/src/rp2_common/hardware_gpio/gpio.c.obj
 .ARM.attributes
                0x000000a2       0x2c CMakeFiles/hello_pwm.dir/Users/brianlesko/.pico-sdk/sdk/2.0.0/src/rp2_common/pico_platform_panic/panic.c.obj
 .ARM.attributes
                0x000000ce       0x2c CMakeFiles/hello_pwm.dir/Users/brianlesko/.pico-sdk/sdk/2.0.0/src/common/hardware_claim/claim.c.obj
 .ARM.attributes
                0x000000fa       0x2c CMakeFiles/hello_pwm.dir/Users/brianlesko/.pico-sdk/sdk/2.0.0/src/rp2_common/hardware_sync/sync.c.obj
 .ARM.attributes
                0x00000126       0x2c CMakeFiles/hello_pwm.dir/Users/brianlesko/.pico-sdk/sdk/2.0.0/src/rp2_common/hardware_sync_spin_lock/sync_spin_lock.c.obj
 .ARM.attributes
                0x00000152       0x2c CMakeFiles/hello_pwm.dir/Users/brianlesko/.pico-sdk/sdk/2.0.0/src/rp2_common/hardware_irq/irq.c.obj
 .ARM.attributes
                0x0000017e       0x2c CMakeFiles/hello_pwm.dir/Users/brianlesko/.pico-sdk/sdk/2.0.0/src/common/pico_sync/lock_core.c.obj
 .ARM.attributes
                0x000001aa       0x2c CMakeFiles/hello_pwm.dir/Users/brianlesko/.pico-sdk/sdk/2.0.0/src/common/pico_sync/mutex.c.obj
 .ARM.attributes
                0x000001d6       0x2c CMakeFiles/hello_pwm.dir/Users/brianlesko/.pico-sdk/sdk/2.0.0/src/common/pico_time/time.c.obj
 .ARM.attributes
                0x00000202       0x2c CMakeFiles/hello_pwm.dir/Users/brianlesko/.pico-sdk/sdk/2.0.0/src/rp2_common/hardware_timer/timer.c.obj
 .ARM.attributes
                0x0000022e       0x2c CMakeFiles/hello_pwm.dir/Users/brianlesko/.pico-sdk/sdk/2.0.0/src/rp2_common/hardware_clocks/clocks.c.obj
 .ARM.attributes
                0x0000025a       0x2c CMakeFiles/hello_pwm.dir/Users/brianlesko/.pico-sdk/sdk/2.0.0/src/rp2_common/hardware_pll/pll.c.obj
 .ARM.attributes
                0x00000286       0x2c CMakeFiles/hello_pwm.dir/Users/brianlesko/.pico-sdk/sdk/2.0.0/src/rp2_common/hardware_ticks/ticks.c.obj
 .ARM.attributes
                0x000002b2       0x2c CMakeFiles/hello_pwm.dir/Users/brianlesko/.pico-sdk/sdk/2.0.0/src/rp2_common/hardware_xosc/xosc.c.obj
 .ARM.attributes
                0x000002de       0x2c CMakeFiles/hello_pwm.dir/Users/brianlesko/.pico-sdk/sdk/2.0.0/src/rp2_common/pico_runtime/runtime.c.obj
 .ARM.attributes
                0x0000030a       0x2c CMakeFiles/hello_pwm.dir/Users/brianlesko/.pico-sdk/sdk/2.0.0/src/rp2_common/pico_runtime_init/runtime_init.c.obj
 .ARM.attributes
                0x00000336       0x2c CMakeFiles/hello_pwm.dir/Users/brianlesko/.pico-sdk/sdk/2.0.0/src/rp2_common/pico_runtime_init/runtime_init_clocks.c.obj
 .ARM.attributes
                0x00000362       0x22 CMakeFiles/hello_pwm.dir/Users/brianlesko/.pico-sdk/sdk/2.0.0/src/rp2_common/pico_bit_ops/bit_ops_aeabi.S.obj
 .ARM.attributes
                0x00000384       0x2c CMakeFiles/hello_pwm.dir/Users/brianlesko/.pico-sdk/sdk/2.0.0/src/rp2_common/pico_bootrom/bootrom.c.obj
 .ARM.attributes
                0x000003b0       0x22 CMakeFiles/hello_pwm.dir/Users/brianlesko/.pico-sdk/sdk/2.0.0/src/rp2_common/pico_divider/divider_hardware.S.obj
 .ARM.attributes
                0x000003d2       0x22 CMakeFiles/hello_pwm.dir/Users/brianlesko/.pico-sdk/sdk/2.0.0/src/rp2_common/pico_double/double_aeabi_rp2040.S.obj
 .ARM.attributes
                0x000003f4       0x2c CMakeFiles/hello_pwm.dir/Users/brianlesko/.pico-sdk/sdk/2.0.0/src/rp2_common/pico_double/double_init_rom_rp2040.c.obj
 .ARM.attributes
                0x00000420       0x22 CMakeFiles/hello_pwm.dir/Users/brianlesko/.pico-sdk/sdk/2.0.0/src/rp2_common/pico_double/double_v1_rom_shim_rp2040.S.obj
 .ARM.attributes
                0x00000442       0x22 CMakeFiles/hello_pwm.dir/Users/brianlesko/.pico-sdk/sdk/2.0.0/src/rp2_common/pico_float/float_aeabi_rp2040.S.obj
 .ARM.attributes
                0x00000464       0x2c CMakeFiles/hello_pwm.dir/Users/brianlesko/.pico-sdk/sdk/2.0.0/src/rp2_common/pico_float/float_init_rom_rp2040.c.obj
 .ARM.attributes
                0x00000490       0x22 CMakeFiles/hello_pwm.dir/Users/brianlesko/.pico-sdk/sdk/2.0.0/src/rp2_common/pico_float/float_v1_rom_shim_rp2040.S.obj
 .ARM.attributes
                0x000004b2       0x22 CMakeFiles/hello_pwm.dir/Users/brianlesko/.pico-sdk/sdk/2.0.0/src/rp2_common/pico_mem_ops/mem_ops_aeabi.S.obj
 .ARM.attributes
                0x000004d4       0x2c CMakeFiles/hello_pwm.dir/Users/brianlesko/.pico-sdk/sdk/2.0.0/src/rp2_common/pico_standard_binary_info/standard_binary_info.c.obj
 .ARM.attributes
                0x00000500       0x2c CMakeFiles/hello_pwm.dir/Users/brianlesko/.pico-sdk/sdk/2.0.0/src/rp2_common/pico_printf/printf.c.obj
 .ARM.attributes
                0x0000052c       0x22 CMakeFiles/hello_pwm.dir/Users/brianlesko/.pico-sdk/sdk/2.0.0/src/rp2_common/pico_crt0/crt0.S.obj
 .ARM.attributes
                0x0000054e       0x2c CMakeFiles/hello_pwm.dir/Users/brianlesko/.pico-sdk/sdk/2.0.0/src/rp2_common/pico_clib_interface/newlib_interface.c.obj
 .ARM.attributes
                0x0000057a       0x2c CMakeFiles/hello_pwm.dir/Users/brianlesko/.pico-sdk/sdk/2.0.0/src/rp2_common/pico_stdio/stdio.c.obj
 .ARM.attributes
                0x000005a6       0x22 /var/folders/z5/9z702w_d7xb5zs4lq1hj6lrm0000gp/T//cc5XNDbU.o
 .ARM.attributes
                0x000005c8       0x1e /Users/brianlesko/.pico-sdk/toolchain/13_2_Rel1/bin/../lib/gcc/arm-none-eabi/13.2.1/thumb/v6-m/nofp/libgcc.a(_dvmd_tls.o)
 .ARM.attributes
                0x000005e6       0x2c /Users/brianlesko/.pico-sdk/toolchain/13_2_Rel1/bin/../lib/gcc/arm-none-eabi/13.2.1/../../../../arm-none-eabi/lib/thumb/v6-m/nofp/libg.a(libc_a-strlen-stub.o)
 .ARM.attributes
                0x00000612       0x2c /Users/brianlesko/.pico-sdk/toolchain/13_2_Rel1/bin/../lib/gcc/arm-none-eabi/13.2.1/thumb/v6-m/nofp/crtend.o

.comment        0x00000000       0x44
 .comment       0x00000000       0x44 CMakeFiles/hello_pwm.dir/hello_pwm.c.obj
                                 0x45 (size before relaxing)
 .comment       0x00000044       0x45 CMakeFiles/hello_pwm.dir/Users/brianlesko/.pico-sdk/sdk/2.0.0/src/rp2_common/hardware_gpio/gpio.c.obj
 .comment       0x00000044       0x45 CMakeFiles/hello_pwm.dir/Users/brianlesko/.pico-sdk/sdk/2.0.0/src/rp2_common/pico_platform_panic/panic.c.obj
 .comment       0x00000044       0x45 CMakeFiles/hello_pwm.dir/Users/brianlesko/.pico-sdk/sdk/2.0.0/src/common/hardware_claim/claim.c.obj
 .comment       0x00000044       0x45 CMakeFiles/hello_pwm.dir/Users/brianlesko/.pico-sdk/sdk/2.0.0/src/rp2_common/hardware_sync/sync.c.obj
 .comment       0x00000044       0x45 CMakeFiles/hello_pwm.dir/Users/brianlesko/.pico-sdk/sdk/2.0.0/src/rp2_common/hardware_sync_spin_lock/sync_spin_lock.c.obj
 .comment       0x00000044       0x45 CMakeFiles/hello_pwm.dir/Users/brianlesko/.pico-sdk/sdk/2.0.0/src/rp2_common/hardware_irq/irq.c.obj
 .comment       0x00000044       0x45 CMakeFiles/hello_pwm.dir/Users/brianlesko/.pico-sdk/sdk/2.0.0/src/common/pico_sync/lock_core.c.obj
 .comment       0x00000044       0x45 CMakeFiles/hello_pwm.dir/Users/brianlesko/.pico-sdk/sdk/2.0.0/src/common/pico_sync/mutex.c.obj
 .comment       0x00000044       0x45 CMakeFiles/hello_pwm.dir/Users/brianlesko/.pico-sdk/sdk/2.0.0/src/common/pico_time/time.c.obj
 .comment       0x00000044       0x45 CMakeFiles/hello_pwm.dir/Users/brianlesko/.pico-sdk/sdk/2.0.0/src/rp2_common/hardware_timer/timer.c.obj
 .comment       0x00000044       0x45 CMakeFiles/hello_pwm.dir/Users/brianlesko/.pico-sdk/sdk/2.0.0/src/rp2_common/hardware_clocks/clocks.c.obj
 .comment       0x00000044       0x45 CMakeFiles/hello_pwm.dir/Users/brianlesko/.pico-sdk/sdk/2.0.0/src/rp2_common/hardware_pll/pll.c.obj
 .comment       0x00000044       0x45 CMakeFiles/hello_pwm.dir/Users/brianlesko/.pico-sdk/sdk/2.0.0/src/rp2_common/hardware_ticks/ticks.c.obj
 .comment       0x00000044       0x45 CMakeFiles/hello_pwm.dir/Users/brianlesko/.pico-sdk/sdk/2.0.0/src/rp2_common/hardware_xosc/xosc.c.obj
 .comment       0x00000044       0x45 CMakeFiles/hello_pwm.dir/Users/brianlesko/.pico-sdk/sdk/2.0.0/src/rp2_common/pico_runtime/runtime.c.obj
 .comment       0x00000044       0x45 CMakeFiles/hello_pwm.dir/Users/brianlesko/.pico-sdk/sdk/2.0.0/src/rp2_common/pico_runtime_init/runtime_init.c.obj
 .comment       0x00000044       0x45 CMakeFiles/hello_pwm.dir/Users/brianlesko/.pico-sdk/sdk/2.0.0/src/rp2_common/pico_runtime_init/runtime_init_clocks.c.obj
 .comment       0x00000044       0x45 CMakeFiles/hello_pwm.dir/Users/brianlesko/.pico-sdk/sdk/2.0.0/src/rp2_common/pico_bootrom/bootrom.c.obj
 .comment       0x00000044       0x45 CMakeFiles/hello_pwm.dir/Users/brianlesko/.pico-sdk/sdk/2.0.0/src/rp2_common/pico_double/double_init_rom_rp2040.c.obj
 .comment       0x00000044       0x45 CMakeFiles/hello_pwm.dir/Users/brianlesko/.pico-sdk/sdk/2.0.0/src/rp2_common/pico_float/float_init_rom_rp2040.c.obj
 .comment       0x00000044       0x45 CMakeFiles/hello_pwm.dir/Users/brianlesko/.pico-sdk/sdk/2.0.0/src/rp2_common/pico_standard_binary_info/standard_binary_info.c.obj
 .comment       0x00000044       0x45 CMakeFiles/hello_pwm.dir/Users/brianlesko/.pico-sdk/sdk/2.0.0/src/rp2_common/pico_printf/printf.c.obj
 .comment       0x00000044       0x45 CMakeFiles/hello_pwm.dir/Users/brianlesko/.pico-sdk/sdk/2.0.0/src/rp2_common/pico_clib_interface/newlib_interface.c.obj
 .comment       0x00000044       0x45 CMakeFiles/hello_pwm.dir/Users/brianlesko/.pico-sdk/sdk/2.0.0/src/rp2_common/pico_stdio/stdio.c.obj

.debug_info     0x00000000    0x13a8b
 .debug_info    0x00000000      0x708 CMakeFiles/hello_pwm.dir/hello_pwm.c.obj
 .debug_info    0x00000708     0x1d3f CMakeFiles/hello_pwm.dir/Users/brianlesko/.pico-sdk/sdk/2.0.0/src/rp2_common/hardware_gpio/gpio.c.obj
 .debug_info    0x00002447      0x1b4 CMakeFiles/hello_pwm.dir/Users/brianlesko/.pico-sdk/sdk/2.0.0/src/rp2_common/pico_platform_panic/panic.c.obj
 .debug_info    0x000025fb      0x6b1 CMakeFiles/hello_pwm.dir/Users/brianlesko/.pico-sdk/sdk/2.0.0/src/common/hardware_claim/claim.c.obj
 .debug_info    0x00002cac      0x465 CMakeFiles/hello_pwm.dir/Users/brianlesko/.pico-sdk/sdk/2.0.0/src/rp2_common/hardware_sync/sync.c.obj
 .debug_info    0x00003111      0x2f7 CMakeFiles/hello_pwm.dir/Users/brianlesko/.pico-sdk/sdk/2.0.0/src/rp2_common/hardware_sync_spin_lock/sync_spin_lock.c.obj
 .debug_info    0x00003408     0x1fe9 CMakeFiles/hello_pwm.dir/Users/brianlesko/.pico-sdk/sdk/2.0.0/src/rp2_common/hardware_irq/irq.c.obj
 .debug_info    0x000053f1      0x1af CMakeFiles/hello_pwm.dir/Users/brianlesko/.pico-sdk/sdk/2.0.0/src/common/pico_sync/lock_core.c.obj
 .debug_info    0x000055a0     0x1e7c CMakeFiles/hello_pwm.dir/Users/brianlesko/.pico-sdk/sdk/2.0.0/src/common/pico_sync/mutex.c.obj
 .debug_info    0x0000741c     0x3353 CMakeFiles/hello_pwm.dir/Users/brianlesko/.pico-sdk/sdk/2.0.0/src/common/pico_time/time.c.obj
 .debug_info    0x0000a76f     0x19b0 CMakeFiles/hello_pwm.dir/Users/brianlesko/.pico-sdk/sdk/2.0.0/src/rp2_common/hardware_timer/timer.c.obj
 .debug_info    0x0000c11f     0x1509 CMakeFiles/hello_pwm.dir/Users/brianlesko/.pico-sdk/sdk/2.0.0/src/rp2_common/hardware_clocks/clocks.c.obj
 .debug_info    0x0000d628      0x64f CMakeFiles/hello_pwm.dir/Users/brianlesko/.pico-sdk/sdk/2.0.0/src/rp2_common/hardware_pll/pll.c.obj
 .debug_info    0x0000dc77      0x2b2 CMakeFiles/hello_pwm.dir/Users/brianlesko/.pico-sdk/sdk/2.0.0/src/rp2_common/hardware_ticks/ticks.c.obj
 .debug_info    0x0000df29      0x1d0 CMakeFiles/hello_pwm.dir/Users/brianlesko/.pico-sdk/sdk/2.0.0/src/rp2_common/hardware_xosc/xosc.c.obj
 .debug_info    0x0000e0f9      0x1bc CMakeFiles/hello_pwm.dir/Users/brianlesko/.pico-sdk/sdk/2.0.0/src/rp2_common/pico_runtime/runtime.c.obj
 .debug_info    0x0000e2b5      0x7ad CMakeFiles/hello_pwm.dir/Users/brianlesko/.pico-sdk/sdk/2.0.0/src/rp2_common/pico_runtime_init/runtime_init.c.obj
 .debug_info    0x0000ea62      0x765 CMakeFiles/hello_pwm.dir/Users/brianlesko/.pico-sdk/sdk/2.0.0/src/rp2_common/pico_runtime_init/runtime_init_clocks.c.obj
 .debug_info    0x0000f1c7       0x23 CMakeFiles/hello_pwm.dir/Users/brianlesko/.pico-sdk/sdk/2.0.0/src/rp2_common/pico_bit_ops/bit_ops_aeabi.S.obj
 .debug_info    0x0000f1ea      0x3d6 CMakeFiles/hello_pwm.dir/Users/brianlesko/.pico-sdk/sdk/2.0.0/src/rp2_common/pico_bootrom/bootrom.c.obj
 .debug_info    0x0000f5c0       0x23 CMakeFiles/hello_pwm.dir/Users/brianlesko/.pico-sdk/sdk/2.0.0/src/rp2_common/pico_divider/divider_hardware.S.obj
 .debug_info    0x0000f5e3       0x23 CMakeFiles/hello_pwm.dir/Users/brianlesko/.pico-sdk/sdk/2.0.0/src/rp2_common/pico_double/double_aeabi_rp2040.S.obj
 .debug_info    0x0000f606      0x34c CMakeFiles/hello_pwm.dir/Users/brianlesko/.pico-sdk/sdk/2.0.0/src/rp2_common/pico_double/double_init_rom_rp2040.c.obj
 .debug_info    0x0000f952       0x23 CMakeFiles/hello_pwm.dir/Users/brianlesko/.pico-sdk/sdk/2.0.0/src/rp2_common/pico_double/double_v1_rom_shim_rp2040.S.obj
 .debug_info    0x0000f975       0x23 CMakeFiles/hello_pwm.dir/Users/brianlesko/.pico-sdk/sdk/2.0.0/src/rp2_common/pico_float/float_aeabi_rp2040.S.obj
 .debug_info    0x0000f998      0x34d CMakeFiles/hello_pwm.dir/Users/brianlesko/.pico-sdk/sdk/2.0.0/src/rp2_common/pico_float/float_init_rom_rp2040.c.obj
 .debug_info    0x0000fce5       0x23 CMakeFiles/hello_pwm.dir/Users/brianlesko/.pico-sdk/sdk/2.0.0/src/rp2_common/pico_float/float_v1_rom_shim_rp2040.S.obj
 .debug_info    0x0000fd08       0x23 CMakeFiles/hello_pwm.dir/Users/brianlesko/.pico-sdk/sdk/2.0.0/src/rp2_common/pico_mem_ops/mem_ops_aeabi.S.obj
 .debug_info    0x0000fd2b      0x28e CMakeFiles/hello_pwm.dir/Users/brianlesko/.pico-sdk/sdk/2.0.0/src/rp2_common/pico_standard_binary_info/standard_binary_info.c.obj
 .debug_info    0x0000ffb9     0x19dc CMakeFiles/hello_pwm.dir/Users/brianlesko/.pico-sdk/sdk/2.0.0/src/rp2_common/pico_printf/printf.c.obj
 .debug_info    0x00011995       0x23 CMakeFiles/hello_pwm.dir/Users/brianlesko/.pico-sdk/sdk/2.0.0/src/rp2_common/pico_crt0/crt0.S.obj
 .debug_info    0x000119b8      0xbb8 CMakeFiles/hello_pwm.dir/Users/brianlesko/.pico-sdk/sdk/2.0.0/src/rp2_common/pico_clib_interface/newlib_interface.c.obj
 .debug_info    0x00012570     0x151b CMakeFiles/hello_pwm.dir/Users/brianlesko/.pico-sdk/sdk/2.0.0/src/rp2_common/pico_stdio/stdio.c.obj

.debug_abbrev   0x00000000     0x4500
 .debug_abbrev  0x00000000      0x252 CMakeFiles/hello_pwm.dir/hello_pwm.c.obj
 .debug_abbrev  0x00000252      0x42d CMakeFiles/hello_pwm.dir/Users/brianlesko/.pico-sdk/sdk/2.0.0/src/rp2_common/hardware_gpio/gpio.c.obj
 .debug_abbrev  0x0000067f      0x12d CMakeFiles/hello_pwm.dir/Users/brianlesko/.pico-sdk/sdk/2.0.0/src/rp2_common/pico_platform_panic/panic.c.obj
 .debug_abbrev  0x000007ac      0x2b4 CMakeFiles/hello_pwm.dir/Users/brianlesko/.pico-sdk/sdk/2.0.0/src/common/hardware_claim/claim.c.obj
 .debug_abbrev  0x00000a60      0x1f4 CMakeFiles/hello_pwm.dir/Users/brianlesko/.pico-sdk/sdk/2.0.0/src/rp2_common/hardware_sync/sync.c.obj
 .debug_abbrev  0x00000c54      0x1f0 CMakeFiles/hello_pwm.dir/Users/brianlesko/.pico-sdk/sdk/2.0.0/src/rp2_common/hardware_sync_spin_lock/sync_spin_lock.c.obj
 .debug_abbrev  0x00000e44      0x5d8 CMakeFiles/hello_pwm.dir/Users/brianlesko/.pico-sdk/sdk/2.0.0/src/rp2_common/hardware_irq/irq.c.obj
 .debug_abbrev  0x0000141c      0x116 CMakeFiles/hello_pwm.dir/Users/brianlesko/.pico-sdk/sdk/2.0.0/src/common/pico_sync/lock_core.c.obj
 .debug_abbrev  0x00001532      0x424 CMakeFiles/hello_pwm.dir/Users/brianlesko/.pico-sdk/sdk/2.0.0/src/common/pico_sync/mutex.c.obj
 .debug_abbrev  0x00001956      0x630 CMakeFiles/hello_pwm.dir/Users/brianlesko/.pico-sdk/sdk/2.0.0/src/common/pico_time/time.c.obj
 .debug_abbrev  0x00001f86      0x473 CMakeFiles/hello_pwm.dir/Users/brianlesko/.pico-sdk/sdk/2.0.0/src/rp2_common/hardware_timer/timer.c.obj
 .debug_abbrev  0x000023f9      0x431 CMakeFiles/hello_pwm.dir/Users/brianlesko/.pico-sdk/sdk/2.0.0/src/rp2_common/hardware_clocks/clocks.c.obj
 .debug_abbrev  0x0000282a      0x20e CMakeFiles/hello_pwm.dir/Users/brianlesko/.pico-sdk/sdk/2.0.0/src/rp2_common/hardware_pll/pll.c.obj
 .debug_abbrev  0x00002a38      0x152 CMakeFiles/hello_pwm.dir/Users/brianlesko/.pico-sdk/sdk/2.0.0/src/rp2_common/hardware_ticks/ticks.c.obj
 .debug_abbrev  0x00002b8a      0x11d CMakeFiles/hello_pwm.dir/Users/brianlesko/.pico-sdk/sdk/2.0.0/src/rp2_common/hardware_xosc/xosc.c.obj
 .debug_abbrev  0x00002ca7      0x149 CMakeFiles/hello_pwm.dir/Users/brianlesko/.pico-sdk/sdk/2.0.0/src/rp2_common/pico_runtime/runtime.c.obj
 .debug_abbrev  0x00002df0      0x20f CMakeFiles/hello_pwm.dir/Users/brianlesko/.pico-sdk/sdk/2.0.0/src/rp2_common/pico_runtime_init/runtime_init.c.obj
 .debug_abbrev  0x00002fff      0x2b3 CMakeFiles/hello_pwm.dir/Users/brianlesko/.pico-sdk/sdk/2.0.0/src/rp2_common/pico_runtime_init/runtime_init_clocks.c.obj
 .debug_abbrev  0x000032b2       0x12 CMakeFiles/hello_pwm.dir/Users/brianlesko/.pico-sdk/sdk/2.0.0/src/rp2_common/pico_bit_ops/bit_ops_aeabi.S.obj
 .debug_abbrev  0x000032c4      0x1a0 CMakeFiles/hello_pwm.dir/Users/brianlesko/.pico-sdk/sdk/2.0.0/src/rp2_common/pico_bootrom/bootrom.c.obj
 .debug_abbrev  0x00003464       0x12 CMakeFiles/hello_pwm.dir/Users/brianlesko/.pico-sdk/sdk/2.0.0/src/rp2_common/pico_divider/divider_hardware.S.obj
 .debug_abbrev  0x00003476       0x12 CMakeFiles/hello_pwm.dir/Users/brianlesko/.pico-sdk/sdk/2.0.0/src/rp2_common/pico_double/double_aeabi_rp2040.S.obj
 .debug_abbrev  0x00003488      0x1ab CMakeFiles/hello_pwm.dir/Users/brianlesko/.pico-sdk/sdk/2.0.0/src/rp2_common/pico_double/double_init_rom_rp2040.c.obj
 .debug_abbrev  0x00003633       0x12 CMakeFiles/hello_pwm.dir/Users/brianlesko/.pico-sdk/sdk/2.0.0/src/rp2_common/pico_double/double_v1_rom_shim_rp2040.S.obj
 .debug_abbrev  0x00003645       0x12 CMakeFiles/hello_pwm.dir/Users/brianlesko/.pico-sdk/sdk/2.0.0/src/rp2_common/pico_float/float_aeabi_rp2040.S.obj
 .debug_abbrev  0x00003657      0x1ae CMakeFiles/hello_pwm.dir/Users/brianlesko/.pico-sdk/sdk/2.0.0/src/rp2_common/pico_float/float_init_rom_rp2040.c.obj
 .debug_abbrev  0x00003805       0x12 CMakeFiles/hello_pwm.dir/Users/brianlesko/.pico-sdk/sdk/2.0.0/src/rp2_common/pico_float/float_v1_rom_shim_rp2040.S.obj
 .debug_abbrev  0x00003817       0x12 CMakeFiles/hello_pwm.dir/Users/brianlesko/.pico-sdk/sdk/2.0.0/src/rp2_common/pico_mem_ops/mem_ops_aeabi.S.obj
 .debug_abbrev  0x00003829       0xb8 CMakeFiles/hello_pwm.dir/Users/brianlesko/.pico-sdk/sdk/2.0.0/src/rp2_common/pico_standard_binary_info/standard_binary_info.c.obj
 .debug_abbrev  0x000038e1      0x38e CMakeFiles/hello_pwm.dir/Users/brianlesko/.pico-sdk/sdk/2.0.0/src/rp2_common/pico_printf/printf.c.obj
 .debug_abbrev  0x00003c6f       0x12 CMakeFiles/hello_pwm.dir/Users/brianlesko/.pico-sdk/sdk/2.0.0/src/rp2_common/pico_crt0/crt0.S.obj
 .debug_abbrev  0x00003c81      0x35f CMakeFiles/hello_pwm.dir/Users/brianlesko/.pico-sdk/sdk/2.0.0/src/rp2_common/pico_clib_interface/newlib_interface.c.obj
 .debug_abbrev  0x00003fe0      0x520 CMakeFiles/hello_pwm.dir/Users/brianlesko/.pico-sdk/sdk/2.0.0/src/rp2_common/pico_stdio/stdio.c.obj

.debug_loclists
                0x00000000     0x8126
 .debug_loclists
                0x00000000      0x125 CMakeFiles/hello_pwm.dir/hello_pwm.c.obj
 .debug_loclists
                0x00000125      0xf31 CMakeFiles/hello_pwm.dir/Users/brianlesko/.pico-sdk/sdk/2.0.0/src/rp2_common/hardware_gpio/gpio.c.obj
 .debug_loclists
                0x00001056      0x2af CMakeFiles/hello_pwm.dir/Users/brianlesko/.pico-sdk/sdk/2.0.0/src/common/hardware_claim/claim.c.obj
 .debug_loclists
                0x00001305       0xe6 CMakeFiles/hello_pwm.dir/Users/brianlesko/.pico-sdk/sdk/2.0.0/src/rp2_common/hardware_sync/sync.c.obj
 .debug_loclists
                0x000013eb       0xa8 CMakeFiles/hello_pwm.dir/Users/brianlesko/.pico-sdk/sdk/2.0.0/src/rp2_common/hardware_sync_spin_lock/sync_spin_lock.c.obj
 .debug_loclists
                0x00001493      0xda2 CMakeFiles/hello_pwm.dir/Users/brianlesko/.pico-sdk/sdk/2.0.0/src/rp2_common/hardware_irq/irq.c.obj
 .debug_loclists
                0x00002235       0x50 CMakeFiles/hello_pwm.dir/Users/brianlesko/.pico-sdk/sdk/2.0.0/src/common/pico_sync/lock_core.c.obj
 .debug_loclists
                0x00002285      0xaec CMakeFiles/hello_pwm.dir/Users/brianlesko/.pico-sdk/sdk/2.0.0/src/common/pico_sync/mutex.c.obj
 .debug_loclists
                0x00002d71     0x16eb CMakeFiles/hello_pwm.dir/Users/brianlesko/.pico-sdk/sdk/2.0.0/src/common/pico_time/time.c.obj
 .debug_loclists
                0x0000445c      0x971 CMakeFiles/hello_pwm.dir/Users/brianlesko/.pico-sdk/sdk/2.0.0/src/rp2_common/hardware_timer/timer.c.obj
 .debug_loclists
                0x00004dcd      0x9d3 CMakeFiles/hello_pwm.dir/Users/brianlesko/.pico-sdk/sdk/2.0.0/src/rp2_common/hardware_clocks/clocks.c.obj
 .debug_loclists
                0x000057a0      0x23b CMakeFiles/hello_pwm.dir/Users/brianlesko/.pico-sdk/sdk/2.0.0/src/rp2_common/hardware_pll/pll.c.obj
 .debug_loclists
                0x000059db       0x47 CMakeFiles/hello_pwm.dir/Users/brianlesko/.pico-sdk/sdk/2.0.0/src/rp2_common/hardware_ticks/ticks.c.obj
 .debug_loclists
                0x00005a22       0x48 CMakeFiles/hello_pwm.dir/Users/brianlesko/.pico-sdk/sdk/2.0.0/src/rp2_common/hardware_xosc/xosc.c.obj
 .debug_loclists
                0x00005a6a       0x58 CMakeFiles/hello_pwm.dir/Users/brianlesko/.pico-sdk/sdk/2.0.0/src/rp2_common/pico_runtime/runtime.c.obj
 .debug_loclists
                0x00005ac2       0xba CMakeFiles/hello_pwm.dir/Users/brianlesko/.pico-sdk/sdk/2.0.0/src/rp2_common/pico_runtime_init/runtime_init.c.obj
 .debug_loclists
                0x00005b7c       0x7b CMakeFiles/hello_pwm.dir/Users/brianlesko/.pico-sdk/sdk/2.0.0/src/rp2_common/pico_runtime_init/runtime_init_clocks.c.obj
 .debug_loclists
                0x00005bf7      0x189 CMakeFiles/hello_pwm.dir/Users/brianlesko/.pico-sdk/sdk/2.0.0/src/rp2_common/pico_bootrom/bootrom.c.obj
 .debug_loclists
                0x00005d80       0x60 CMakeFiles/hello_pwm.dir/Users/brianlesko/.pico-sdk/sdk/2.0.0/src/rp2_common/pico_double/double_init_rom_rp2040.c.obj
 .debug_loclists
                0x00005de0       0x4f CMakeFiles/hello_pwm.dir/Users/brianlesko/.pico-sdk/sdk/2.0.0/src/rp2_common/pico_float/float_init_rom_rp2040.c.obj
 .debug_loclists
                0x00005e2f     0x16f9 CMakeFiles/hello_pwm.dir/Users/brianlesko/.pico-sdk/sdk/2.0.0/src/rp2_common/pico_printf/printf.c.obj
 .debug_loclists
                0x00007528      0x417 CMakeFiles/hello_pwm.dir/Users/brianlesko/.pico-sdk/sdk/2.0.0/src/rp2_common/pico_clib_interface/newlib_interface.c.obj
 .debug_loclists
                0x0000793f      0x7e7 CMakeFiles/hello_pwm.dir/Users/brianlesko/.pico-sdk/sdk/2.0.0/src/rp2_common/pico_stdio/stdio.c.obj

.debug_aranges  0x00000000      0xeb0
 .debug_aranges
                0x00000000       0x20 CMakeFiles/hello_pwm.dir/hello_pwm.c.obj
 .debug_aranges
                0x00000020      0x128 CMakeFiles/hello_pwm.dir/Users/brianlesko/.pico-sdk/sdk/2.0.0/src/rp2_common/hardware_gpio/gpio.c.obj
 .debug_aranges
                0x00000148       0x28 CMakeFiles/hello_pwm.dir/Users/brianlesko/.pico-sdk/sdk/2.0.0/src/rp2_common/pico_platform_panic/panic.c.obj
 .debug_aranges
                0x00000170       0x48 CMakeFiles/hello_pwm.dir/Users/brianlesko/.pico-sdk/sdk/2.0.0/src/common/hardware_claim/claim.c.obj
 .debug_aranges
                0x000001b8       0x48 CMakeFiles/hello_pwm.dir/Users/brianlesko/.pico-sdk/sdk/2.0.0/src/rp2_common/hardware_sync/sync.c.obj
 .debug_aranges
                0x00000200       0x28 CMakeFiles/hello_pwm.dir/Users/brianlesko/.pico-sdk/sdk/2.0.0/src/rp2_common/hardware_sync_spin_lock/sync_spin_lock.c.obj
 .debug_aranges
                0x00000228       0xe0 CMakeFiles/hello_pwm.dir/Users/brianlesko/.pico-sdk/sdk/2.0.0/src/rp2_common/hardware_irq/irq.c.obj
 .debug_aranges
                0x00000308       0x20 CMakeFiles/hello_pwm.dir/Users/brianlesko/.pico-sdk/sdk/2.0.0/src/common/pico_sync/lock_core.c.obj
 .debug_aranges
                0x00000328       0x98 CMakeFiles/hello_pwm.dir/Users/brianlesko/.pico-sdk/sdk/2.0.0/src/common/pico_sync/mutex.c.obj
 .debug_aranges
                0x000003c0      0x110 CMakeFiles/hello_pwm.dir/Users/brianlesko/.pico-sdk/sdk/2.0.0/src/common/pico_time/time.c.obj
 .debug_aranges
                0x000004d0       0xf0 CMakeFiles/hello_pwm.dir/Users/brianlesko/.pico-sdk/sdk/2.0.0/src/rp2_common/hardware_timer/timer.c.obj
 .debug_aranges
                0x000005c0       0xa0 CMakeFiles/hello_pwm.dir/Users/brianlesko/.pico-sdk/sdk/2.0.0/src/rp2_common/hardware_clocks/clocks.c.obj
 .debug_aranges
                0x00000660       0x28 CMakeFiles/hello_pwm.dir/Users/brianlesko/.pico-sdk/sdk/2.0.0/src/rp2_common/hardware_pll/pll.c.obj
 .debug_aranges
                0x00000688       0x30 CMakeFiles/hello_pwm.dir/Users/brianlesko/.pico-sdk/sdk/2.0.0/src/rp2_common/hardware_ticks/ticks.c.obj
 .debug_aranges
                0x000006b8       0x30 CMakeFiles/hello_pwm.dir/Users/brianlesko/.pico-sdk/sdk/2.0.0/src/rp2_common/hardware_xosc/xosc.c.obj
 .debug_aranges
                0x000006e8       0x40 CMakeFiles/hello_pwm.dir/Users/brianlesko/.pico-sdk/sdk/2.0.0/src/rp2_common/pico_runtime/runtime.c.obj
 .debug_aranges
                0x00000728       0x48 CMakeFiles/hello_pwm.dir/Users/brianlesko/.pico-sdk/sdk/2.0.0/src/rp2_common/pico_runtime_init/runtime_init.c.obj
 .debug_aranges
                0x00000770       0x28 CMakeFiles/hello_pwm.dir/Users/brianlesko/.pico-sdk/sdk/2.0.0/src/rp2_common/pico_runtime_init/runtime_init_clocks.c.obj
 .debug_aranges
                0x00000798       0x60 CMakeFiles/hello_pwm.dir/Users/brianlesko/.pico-sdk/sdk/2.0.0/src/rp2_common/pico_bit_ops/bit_ops_aeabi.S.obj
 .debug_aranges
                0x000007f8       0x38 CMakeFiles/hello_pwm.dir/Users/brianlesko/.pico-sdk/sdk/2.0.0/src/rp2_common/pico_bootrom/bootrom.c.obj
 .debug_aranges
                0x00000830       0x40 CMakeFiles/hello_pwm.dir/Users/brianlesko/.pico-sdk/sdk/2.0.0/src/rp2_common/pico_divider/divider_hardware.S.obj
 .debug_aranges
                0x00000870      0x140 CMakeFiles/hello_pwm.dir/Users/brianlesko/.pico-sdk/sdk/2.0.0/src/rp2_common/pico_double/double_aeabi_rp2040.S.obj
 .debug_aranges
                0x000009b0       0x20 CMakeFiles/hello_pwm.dir/Users/brianlesko/.pico-sdk/sdk/2.0.0/src/rp2_common/pico_double/double_init_rom_rp2040.c.obj
 .debug_aranges
                0x000009d0       0xc8 CMakeFiles/hello_pwm.dir/Users/brianlesko/.pico-sdk/sdk/2.0.0/src/rp2_common/pico_double/double_v1_rom_shim_rp2040.S.obj
 .debug_aranges
                0x00000a98      0x130 CMakeFiles/hello_pwm.dir/Users/brianlesko/.pico-sdk/sdk/2.0.0/src/rp2_common/pico_float/float_aeabi_rp2040.S.obj
 .debug_aranges
                0x00000bc8       0x20 CMakeFiles/hello_pwm.dir/Users/brianlesko/.pico-sdk/sdk/2.0.0/src/rp2_common/pico_float/float_init_rom_rp2040.c.obj
 .debug_aranges
                0x00000be8       0x50 CMakeFiles/hello_pwm.dir/Users/brianlesko/.pico-sdk/sdk/2.0.0/src/rp2_common/pico_float/float_v1_rom_shim_rp2040.S.obj
 .debug_aranges
                0x00000c38       0x38 CMakeFiles/hello_pwm.dir/Users/brianlesko/.pico-sdk/sdk/2.0.0/src/rp2_common/pico_mem_ops/mem_ops_aeabi.S.obj
 .debug_aranges
                0x00000c70       0x18 CMakeFiles/hello_pwm.dir/Users/brianlesko/.pico-sdk/sdk/2.0.0/src/rp2_common/pico_standard_binary_info/standard_binary_info.c.obj
 .debug_aranges
                0x00000c88       0x90 CMakeFiles/hello_pwm.dir/Users/brianlesko/.pico-sdk/sdk/2.0.0/src/rp2_common/pico_printf/printf.c.obj
 .debug_aranges
                0x00000d18       0x28 CMakeFiles/hello_pwm.dir/Users/brianlesko/.pico-sdk/sdk/2.0.0/src/rp2_common/pico_crt0/crt0.S.obj
 .debug_aranges
                0x00000d40       0xa0 CMakeFiles/hello_pwm.dir/Users/brianlesko/.pico-sdk/sdk/2.0.0/src/rp2_common/pico_clib_interface/newlib_interface.c.obj
 .debug_aranges
                0x00000de0       0xd0 CMakeFiles/hello_pwm.dir/Users/brianlesko/.pico-sdk/sdk/2.0.0/src/rp2_common/pico_stdio/stdio.c.obj

.debug_rnglists
                0x00000000      0xe64
 .debug_rnglists
                0x00000000       0x13 CMakeFiles/hello_pwm.dir/hello_pwm.c.obj
 .debug_rnglists
                0x00000013      0x10a CMakeFiles/hello_pwm.dir/Users/brianlesko/.pico-sdk/sdk/2.0.0/src/rp2_common/hardware_gpio/gpio.c.obj
 .debug_rnglists
                0x0000011d       0x19 CMakeFiles/hello_pwm.dir/Users/brianlesko/.pico-sdk/sdk/2.0.0/src/rp2_common/pico_platform_panic/panic.c.obj
 .debug_rnglists
                0x00000136       0x31 CMakeFiles/hello_pwm.dir/Users/brianlesko/.pico-sdk/sdk/2.0.0/src/common/hardware_claim/claim.c.obj
 .debug_rnglists
                0x00000167       0x31 CMakeFiles/hello_pwm.dir/Users/brianlesko/.pico-sdk/sdk/2.0.0/src/rp2_common/hardware_sync/sync.c.obj
 .debug_rnglists
                0x00000198       0x19 CMakeFiles/hello_pwm.dir/Users/brianlesko/.pico-sdk/sdk/2.0.0/src/rp2_common/hardware_sync_spin_lock/sync_spin_lock.c.obj
 .debug_rnglists
                0x000001b1      0x108 CMakeFiles/hello_pwm.dir/Users/brianlesko/.pico-sdk/sdk/2.0.0/src/rp2_common/hardware_irq/irq.c.obj
 .debug_rnglists
                0x000002b9       0x13 CMakeFiles/hello_pwm.dir/Users/brianlesko/.pico-sdk/sdk/2.0.0/src/common/pico_sync/lock_core.c.obj
 .debug_rnglists
                0x000002cc      0x135 CMakeFiles/hello_pwm.dir/Users/brianlesko/.pico-sdk/sdk/2.0.0/src/common/pico_sync/mutex.c.obj
 .debug_rnglists
                0x00000401      0x1f2 CMakeFiles/hello_pwm.dir/Users/brianlesko/.pico-sdk/sdk/2.0.0/src/common/pico_time/time.c.obj
 .debug_rnglists
                0x000005f3       0xb2 CMakeFiles/hello_pwm.dir/Users/brianlesko/.pico-sdk/sdk/2.0.0/src/rp2_common/hardware_timer/timer.c.obj
 .debug_rnglists
                0x000006a5       0xe2 CMakeFiles/hello_pwm.dir/Users/brianlesko/.pico-sdk/sdk/2.0.0/src/rp2_common/hardware_clocks/clocks.c.obj
 .debug_rnglists
                0x00000787       0x1a CMakeFiles/hello_pwm.dir/Users/brianlesko/.pico-sdk/sdk/2.0.0/src/rp2_common/hardware_pll/pll.c.obj
 .debug_rnglists
                0x000007a1       0x1f CMakeFiles/hello_pwm.dir/Users/brianlesko/.pico-sdk/sdk/2.0.0/src/rp2_common/hardware_ticks/ticks.c.obj
 .debug_rnglists
                0x000007c0       0x1f CMakeFiles/hello_pwm.dir/Users/brianlesko/.pico-sdk/sdk/2.0.0/src/rp2_common/hardware_xosc/xosc.c.obj
 .debug_rnglists
                0x000007df       0x2b CMakeFiles/hello_pwm.dir/Users/brianlesko/.pico-sdk/sdk/2.0.0/src/rp2_common/pico_runtime/runtime.c.obj
 .debug_rnglists
                0x0000080a       0x31 CMakeFiles/hello_pwm.dir/Users/brianlesko/.pico-sdk/sdk/2.0.0/src/rp2_common/pico_runtime_init/runtime_init.c.obj
 .debug_rnglists